Component: ARM Compiler 5.06 update 7 (build 960) Tool: armlink [4d3601]

==============================================================================

Section Cross References

    startup_stm32f103xb.o(RESET) refers to startup_stm32f103xb.o(STACK) for __initial_sp
    startup_stm32f103xb.o(RESET) refers to startup_stm32f103xb.o(.text) for Reset_Handler
    startup_stm32f103xb.o(RESET) refers to stm32f1xx_it.o(i.NMI_Handler) for NMI_Handler
    startup_stm32f103xb.o(RESET) refers to stm32f1xx_it.o(i.HardFault_Handler) for HardFault_Handler
    startup_stm32f103xb.o(RESET) refers to stm32f1xx_it.o(i.MemManage_Handler) for MemManage_Handler
    startup_stm32f103xb.o(RESET) refers to stm32f1xx_it.o(i.BusFault_Handler) for BusFault_Handler
    startup_stm32f103xb.o(RESET) refers to stm32f1xx_it.o(i.UsageFault_Handler) for UsageFault_Handler
    startup_stm32f103xb.o(RESET) refers to port.o(.emb_text) for SVC_Handler
    startup_stm32f103xb.o(RESET) refers to stm32f1xx_it.o(i.DebugMon_Handler) for DebugMon_Handler
    startup_stm32f103xb.o(RESET) refers to stm32f1xx_it.o(i.SysTick_Handler) for SysTick_Handler
    startup_stm32f103xb.o(.text) refers to system_stm32f1xx.o(i.SystemInit) for SystemInit
    startup_stm32f103xb.o(.text) refers to entry.o(.ARM.Collect$$$$00000000) for __main
    main.o(i.SystemClock_Config) refers to memseta.o(.text) for __aeabi_memclr4
    main.o(i.SystemClock_Config) refers to stm32f1xx_hal_rcc.o(i.HAL_RCC_OscConfig) for HAL_RCC_OscConfig
    main.o(i.SystemClock_Config) refers to main.o(i.Error_Handler) for Error_Handler
    main.o(i.SystemClock_Config) refers to stm32f1xx_hal_rcc.o(i.HAL_RCC_ClockConfig) for HAL_RCC_ClockConfig
    main.o(i.main) refers to stm32f1xx_hal.o(i.HAL_Init) for HAL_Init
    main.o(i.main) refers to main.o(i.SystemClock_Config) for SystemClock_Config
    main.o(i.main) refers to gpio.o(i.MX_GPIO_Init) for MX_GPIO_Init
    main.o(i.main) refers to usart.o(i.MX_USART2_UART_Init) for MX_USART2_UART_Init
    main.o(i.main) refers to tim.o(i.MX_TIM1_Init) for MX_TIM1_Init
    main.o(i.main) refers to tim.o(i.MX_TIM2_Init) for MX_TIM2_Init
    main.o(i.main) refers to tim.o(i.MX_TIM3_Init) for MX_TIM3_Init
    main.o(i.main) refers to tim.o(i.MX_TIM4_Init) for MX_TIM4_Init
    main.o(i.main) refers to spi.o(i.MX_SPI1_Init) for MX_SPI1_Init
    main.o(i.main) refers to i2c.o(i.MX_I2C1_Init) for MX_I2C1_Init
    main.o(i.main) refers to i2c.o(i.MX_I2C2_Init) for MX_I2C2_Init
    main.o(i.main) refers to printf5.o(i.__0printf$5) for __2printf
    main.o(i.main) refers to fligh_task.o(i.Flight_TaskStart) for Flight_TaskStart
    gpio.o(i.MX_GPIO_Init) refers to stm32f1xx_hal_gpio.o(i.HAL_GPIO_WritePin) for HAL_GPIO_WritePin
    gpio.o(i.MX_GPIO_Init) refers to stm32f1xx_hal_gpio.o(i.HAL_GPIO_Init) for HAL_GPIO_Init
    i2c.o(i.HAL_I2C_MspDeInit) refers to stm32f1xx_hal_gpio.o(i.HAL_GPIO_DeInit) for HAL_GPIO_DeInit
    i2c.o(i.HAL_I2C_MspInit) refers to stm32f1xx_hal_gpio.o(i.HAL_GPIO_Init) for HAL_GPIO_Init
    i2c.o(i.MX_I2C1_Init) refers to stm32f1xx_hal_i2c.o(i.HAL_I2C_Init) for HAL_I2C_Init
    i2c.o(i.MX_I2C1_Init) refers to main.o(i.Error_Handler) for Error_Handler
    i2c.o(i.MX_I2C1_Init) refers to i2c.o(.bss) for hi2c1
    i2c.o(i.MX_I2C2_Init) refers to stm32f1xx_hal_i2c.o(i.HAL_I2C_Init) for HAL_I2C_Init
    i2c.o(i.MX_I2C2_Init) refers to main.o(i.Error_Handler) for Error_Handler
    i2c.o(i.MX_I2C2_Init) refers to i2c.o(.bss) for hi2c2
    spi.o(i.HAL_SPI_MspDeInit) refers to stm32f1xx_hal_gpio.o(i.HAL_GPIO_DeInit) for HAL_GPIO_DeInit
    spi.o(i.HAL_SPI_MspInit) refers to stm32f1xx_hal_gpio.o(i.HAL_GPIO_Init) for HAL_GPIO_Init
    spi.o(i.MX_SPI1_Init) refers to stm32f1xx_hal_spi.o(i.HAL_SPI_Init) for HAL_SPI_Init
    spi.o(i.MX_SPI1_Init) refers to main.o(i.Error_Handler) for Error_Handler
    spi.o(i.MX_SPI1_Init) refers to spi.o(.bss) for hspi1
    tim.o(i.HAL_TIM_MspPostInit) refers to stm32f1xx_hal_gpio.o(i.HAL_GPIO_Init) for HAL_GPIO_Init
    tim.o(i.MX_TIM1_Init) refers to memseta.o(.text) for __aeabi_memclr4
    tim.o(i.MX_TIM1_Init) refers to stm32f1xx_hal_tim.o(i.HAL_TIM_Base_Init) for HAL_TIM_Base_Init
    tim.o(i.MX_TIM1_Init) refers to main.o(i.Error_Handler) for Error_Handler
    tim.o(i.MX_TIM1_Init) refers to stm32f1xx_hal_tim.o(i.HAL_TIM_ConfigClockSource) for HAL_TIM_ConfigClockSource
    tim.o(i.MX_TIM1_Init) refers to stm32f1xx_hal_tim.o(i.HAL_TIM_PWM_Init) for HAL_TIM_PWM_Init
    tim.o(i.MX_TIM1_Init) refers to stm32f1xx_hal_tim_ex.o(i.HAL_TIMEx_MasterConfigSynchronization) for HAL_TIMEx_MasterConfigSynchronization
    tim.o(i.MX_TIM1_Init) refers to stm32f1xx_hal_tim.o(i.HAL_TIM_PWM_ConfigChannel) for HAL_TIM_PWM_ConfigChannel
    tim.o(i.MX_TIM1_Init) refers to stm32f1xx_hal_tim_ex.o(i.HAL_TIMEx_ConfigBreakDeadTime) for HAL_TIMEx_ConfigBreakDeadTime
    tim.o(i.MX_TIM1_Init) refers to tim.o(i.HAL_TIM_MspPostInit) for HAL_TIM_MspPostInit
[...]
    i.prvAddCurrentTaskToDelayedList         0x0800725c   Section        0  tasks.o(i.prvAddCurrentTaskToDelayedList)
    prvAddCurrentTaskToDelayedList           0x0800725d   Thumb Code   164  tasks.o(i.prvAddCurrentTaskToDelayedList)
    i.prvAddNewTaskToReadyList               0x0800731c   Section        0  tasks.o(i.prvAddNewTaskToReadyList)
    prvAddNewTaskToReadyList                 0x0800731d   Thumb Code   200  tasks.o(i.prvAddNewTaskToReadyList)
    i.prvCheckTasksWaitingTermination        0x08007400   Section        0  tasks.o(i.prvCheckTasksWaitingTermination)
    prvCheckTasksWaitingTermination          0x08007401   Thumb Code    60  tasks.o(i.prvCheckTasksWaitingTermination)
    i.prvDeleteTCB                           0x08007448   Section        0  tasks.o(i.prvDeleteTCB)
    prvDeleteTCB                             0x08007449   Thumb Code    18  tasks.o(i.prvDeleteTCB)
    i.prvHeapInit                            0x0800745c   Section        0  heap_4.o(i.prvHeapInit)
    prvHeapInit                              0x0800745d   Thumb Code    90  heap_4.o(i.prvHeapInit)
    i.prvIdleTask                            0x080074cc   Section        0  tasks.o(i.prvIdleTask)
    prvIdleTask                              0x080074cd   Thumb Code    32  tasks.o(i.prvIdleTask)
    i.prvInitialiseNewTask                   0x080074f4   Section        0  tasks.o(i.prvInitialiseNewTask)
    prvInitialiseNewTask                     0x080074f5   Thumb Code   122  tasks.o(i.prvInitialiseNewTask)
    i.prvInitialiseTaskLists                 0x08007570   Section        0  tasks.o(i.prvInitialiseTaskLists)
    prvInitialiseTaskLists                   0x08007571   Thumb Code    70  tasks.o(i.prvInitialiseTaskLists)
    i.prvInsertBlockIntoFreeList             0x080075d8   Section        0  heap_4.o(i.prvInsertBlockIntoFreeList)
    prvInsertBlockIntoFreeList               0x080075d9   Thumb Code    96  heap_4.o(i.prvInsertBlockIntoFreeList)
    i.prvResetNextTaskUnblockTime            0x08007640   Section        0  tasks.o(i.prvResetNextTaskUnblockTime)
    prvResetNextTaskUnblockTime              0x08007641   Thumb Code    40  tasks.o(i.prvResetNextTaskUnblockTime)
    i.prvTaskExitError                       0x08007670   Section        0  port.o(i.prvTaskExitError)
    prvTaskExitError                         0x08007671   Thumb Code    22  port.o(i.prvTaskExitError)
    i.pvPortMalloc                           0x08007688   Section        0  heap_4.o(i.pvPortMalloc)
    i.pxPortInitialiseStack                  0x0800776c   Section        0  port.o(i.pxPortInitialiseStack)
    i.sqrt                                   0x08007790   Section        0  sqrt.o(i.sqrt)
    i.ulTaskGenericNotifyTake                0x080077dc   Section        0  tasks.o(i.ulTaskGenericNotifyTake)
    i.uxListRemove                           0x08007864   Section        0  list.o(i.uxListRemove)
    i.vListInitialise                        0x0800788c   Section        0  list.o(i.vListInitialise)
    i.vListInitialiseItem                    0x080078a6   Section        0  list.o(i.vListInitialiseItem)
    i.vListInsert                            0x080078ac   Section        0  list.o(i.vListInsert)
    i.vPortEnterCritical                     0x080078e0   Section        0  port.o(i.vPortEnterCritical)
    i.vPortExitCritical                      0x08007904   Section        0  port.o(i.vPortExitCritical)
    i.vPortFree                              0x08007924   Section        0  heap_4.o(i.vPortFree)
    i.vPortSetupTimerInterrupt               0x08007970   Section        0  port.o(i.vPortSetupTimerInterrupt)
    i.vTaskDelay                             0x08007988   Section        0  tasks.o(i.vTaskDelay)
    i.vTaskStartScheduler                    0x080079bc   Section        0  tasks.o(i.vTaskStartScheduler)
    i.vTaskSuspendAll                        0x08007a28   Section        0  tasks.o(i.vTaskSuspendAll)
    i.vTaskSwitchContext                     0x08007a38   Section        0  tasks.o(i.vTaskSwitchContext)
    i.xPortStartScheduler                    0x08007a98   Section        0  port.o(i.xPortStartScheduler)
    i.xPortSysTickHandler                    0x08007acc   Section        0  port.o(i.xPortSysTickHandler)
    i.xTaskCreate                            0x08007b00   Section        0  tasks.o(i.xTaskCreate)
    i.xTaskDelayUntil                        0x08007b68   Section        0  tasks.o(i.xTaskDelayUntil)
    i.xTaskGenericNotify                     0x08007bdc   Section        0  tasks.o(i.xTaskGenericNotify)
    i.xTaskGetSchedulerState                 0x08007d28   Section        0  tasks.o(i.xTaskGetSchedulerState)
    i.xTaskGetTickCount                      0x08007d48   Section        0  tasks.o(i.xTaskGetTickCount)
    i.xTaskIncrementTick                     0x08007d54   Section        0  tasks.o(i.xTaskIncrementTick)
    i.xTaskResumeAll                         0x08007ee4   Section        0  tasks.o(i.xTaskResumeAll)
    .constdata                               0x08008040   Section       18  stm32f1xx_hal_rcc.o(.constdata)
    aPLLMULFactorTable                       0x08008040   Data          16  stm32f1xx_hal_rcc.o(.constdata)
    aPredivFactorTable                       0x08008050   Data           2  stm32f1xx_hal_rcc.o(.constdata)
    .constdata                               0x08008052   Section       24  system_stm32f1xx.o(.constdata)
    .constdata                               0x0800806a   Section      115  vl53l1x_api.o(.constdata)
    status_rtn                               0x080080c5   Data          24  vl53l1x_api.o(.constdata)
    .constdata                               0x080080e0   Section       80  asin.o(.constdata)
    pS                                       0x080080e0   Data          48  asin.o(.constdata)
    qS                                       0x08008110   Data          32  asin.o(.constdata)
    .data                                    0x20000000   Section        9  stm32f1xx_hal.o(.data)
    .data                                    0x2000000c   Section        4  system_stm32f1xx.o(.data)
    .data                                    0x20000010   Section       64  tasks.o(.data)
    pxDelayedTaskList                        0x20000014   Data           4  tasks.o(.data)
    pxOverflowDelayedTaskList                0x20000018   Data           4  tasks.o(.data)
    uxDeletedTasksWaitingCleanUp             0x2000001c   Data           4  tasks.o(.data)
    uxCurrentNumberOfTasks                   0x20000020   Data           4  tasks.o(.data)
    xTickCount                               0x20000024   Data           4  tasks.o(.data)
    uxTopReadyPriority                       0x20000028   Data           4  tasks.o(.data)
    xSchedulerRunning                        0x2000002c   Data           4  tasks.o(.data)
    xPendedTicks                             0x20000030   Data           4  tasks.o(.data)
    xYieldPending                            0x20000034   Data           4  tasks.o(.data)
    xNumOfOverflows                          0x20000038   Data           4  tasks.o(.data)
    uxTaskNumber                             0x2000003c   Data           4  tasks.o(.data)
    xNextTaskUnblockTime                     0x20000040   Data           4  tasks.o(.data)
    xIdleTaskHandle                          0x20000044   Data           4  tasks.o(.data)
    uxSchedulerSuspended                     0x2000004c   Data           4  tasks.o(.data)
    .data                                    0x20000050   Section        4  port.o(.data)
    uxCriticalNesting                        0x20000050   Data           4  port.o(.data)
    .data                                    0x20000054   Section       28  heap_4.o(.data)
    xStart                                   0x20000054   Data           8  heap_4.o(.data)
    pxEnd                                    0x2000005c   Data           4  heap_4.o(.data)
    xFreeBytesRemaining                      0x20000060   Data           4  heap_4.o(.data)
    xMinimumEverFreeBytesRemaining           0x20000064   Data           4  heap_4.o(.data)
    xNumberOfSuccessfulAllocations           0x20000068   Data           4  heap_4.o(.data)
    xNumberOfSuccessfulFrees                 0x2000006c   Data           4  heap_4.o(.data)
    .data                                    0x20000070   Section       28  fligh_task.o(.data)
    .data                                    0x2000008c   Section       48  int_led.o(.data)
    .data                                    0x200000bc   Section       48  int_motor.o(.data)
    .data                                    0x200000ec   Section        5  int_si24r1.o(.data)
    .data                                    0x200000f1   Section        7  int_mpu6050.o(.data)
    .data                                    0x200000f8   Section        2  int_vl53l1x.o(.data)
    .data                                    0x200000fc   Section       72  com_filter.o(.data)
    .data                                    0x20000144   Section       40  com_imu.o(.data)
    normAccz                                 0x20000150   Data           4  com_imu.o(.data)
    KpDef                                    0x20000154   Data           4  com_imu.o(.data)
    KiDef                                    0x20000158   Data           4  com_imu.o(.data)
    NumQ                                     0x2000015c   Data          16  com_imu.o(.data)
    .data                                    0x2000016c   Section       16  app_remote_data.o(.data)
    .data                                    0x2000017c   Section      268  app_motor.o(.data)
    .data                                    0x20000288   Section        4  stdout.o(.data)
    .data                                    0x2000028c   Section        4  errno.o(.data)
    _errno                                   0x2000028c   Data           4  errno.o(.data)
    .bss                                     0x20000290   Section      168  i2c.o(.bss)
    .bss                                     0x20000338   Section       88  spi.o(.bss)
    .bss                                     0x20000390   Section      288  tim.o(.bss)
    .bss                                     0x200004b0   Section       72  usart.o(.bss)
    .bss                                     0x200004f8   Section      200  tasks.o(.bss)
    pxReadyTasksLists                        0x200004f8   Data         100  tasks.o(.bss)
    xDelayedTaskList1                        0x2000055c   Data          20  tasks.o(.bss)
    xDelayedTaskList2                        0x20000570   Data          20  tasks.o(.bss)
    xPendingReadyList                        0x20000584   Data          20  tasks.o(.bss)
    xTasksWaitingTermination                 0x20000598   Data          20  tasks.o(.bss)
    xSuspendedTaskList                       0x200005ac   Data          20  tasks.o(.bss)
    .bss                                     0x200005c0   Section    17408  heap_4.o(.bss)
    ucHeap                                   0x200005c0   Data       17408  heap_4.o(.bss)
    .bss                                     0x200049c0   Section       34  fligh_task.o(.bss)
    .bss                                     0x200049e4   Section       24  int_mpu6050.o(.bss)
    .bss                                     0x200049fc   Section       12  com_imu.o(.bss)
    GyroIntegError                           0x200049fc   Data          12  com_imu.o(.bss)
    .bss                                     0x20004a08   Section       17  app_remote_data.o(.bss)
    STACK                                    0x20004a20   Section     1024  startup_stm32f103xb.o(STACK)

    Global Symbols

    Symbol Name                              Value     Ov Type        Size  Object(Section)

    BuildAttributes$$THM_ISAv4$P$D$K$B$S$PE$A:L22UL41UL21$X:L11$S22US41US21$IEEE1$IW$USESV6$~STKCKD$USESV7$~SHL$OTIME$ROPI$IEEEX$EBA8$MICROLIB$REQ8$PRES8$EABIv2 0x00000000   Number         0  anon$$obj.o ABSOLUTE
    __ARM_use_no_argv                        0x00000000   Number         0  main.o ABSOLUTE
    _printf_a                                0x00000000   Number         0  stubs.o ABSOLUTE
    _printf_c                                0x00000000   Number         0  stubs.o ABSOLUTE
    _printf_charcount                        0x00000000   Number         0  stubs.o ABSOLUTE
    _printf_d                                0x00000000   Number         0  stubs.o ABSOLUTE
    _printf_e                                0x00000000   Number         0  stubs.o ABSOLUTE
    _printf_f                                0x00000000   Number         0  stubs.o ABSOLUTE
    _printf_flags                            0x00000000   Number         0  stubs.o ABSOLUTE
    _printf_fp_dec                           0x00000000   Number         0  stubs.o ABSOLUTE
    _printf_fp_hex                           0x00000000   Number         0  stubs.o ABSOLUTE
    _printf_g                                0x00000000   Number         0  stubs.o ABSOLUTE
    _printf_i                                0x00000000   Number         0  stubs.o ABSOLUTE
    _printf_int_dec                          0x00000000   Number         0  stubs.o ABSOLUTE
    _printf_l                                0x00000000   Number         0  stubs.o ABSOLUTE
    _printf_lc                               0x00000000   Number         0  stubs.o ABSOLUTE
    _printf_ll                               0x00000000   Number         0  stubs.o ABSOLUTE
    _printf_lld                              0x00000000   Number         0  stubs.o ABSOLUTE
    _printf_lli                              0x00000000   Number         0  stubs.o ABSOLUTE
    _printf_llo                              0x00000000   Number         0  stubs.o ABSOLUTE
    _printf_llu                              0x00000000   Number         0  stubs.o ABSOLUTE
    _printf_llx                              0x00000000   Number         0  stubs.o ABSOLUTE
    _printf_longlong_dec                     0x00000000   Number         0  stubs.o ABSOLUTE
    _printf_longlong_hex                     0x00000000   Number         0  stubs.o ABSOLUTE
    _printf_longlong_oct                     0x00000000   Number         0  stubs.o ABSOLUTE
    _printf_ls                               0x00000000   Number         0  stubs.o ABSOLUTE
    _printf_mbtowc                           0x00000000   Number         0  stubs.o ABSOLUTE
    _printf_n                                0x00000000   Number         0  stubs.o ABSOLUTE
    _printf_o                                0x00000000   Number         0  stubs.o ABSOLUTE
    _printf_p                                0x00000000   Number         0  stubs.o ABSOLUTE
    _printf_percent                          0x00000000   Number         0  stubs.o ABSOLUTE
    _printf_pre_padding                      0x00000000   Number         0  stubs.o ABSOLUTE
    _printf_return_value                     0x00000000   Number         0  stubs.o ABSOLUTE
    _printf_s                                0x00000000   Number         0  stubs.o ABSOLUTE
    _printf_sizespec                         0x00000000   Number         0  stubs.o ABSOLUTE
    _printf_str                              0x00000000   Number         0  stubs.o ABSOLUTE
    _printf_truncate_signed                  0x00000000   Number         0  stubs.o ABSOLUTE
    _printf_truncate_unsigned                0x00000000   Number         0  stubs.o ABSOLUTE
    _printf_u                                0x00000000   Number         0  stubs.o ABSOLUTE
    _printf_wc                               0x00000000   Number         0  stubs.o ABSOLUTE
    _printf_wctomb                           0x00000000   Number         0  stubs.o ABSOLUTE
    _printf_widthprec                        0x00000000   Number         0  stubs.o ABSOLUTE
    _printf_x                                0x00000000   Number         0  stubs.o ABSOLUTE
    __arm_fini_                               - Undefined Weak Reference
    __cpp_initialize__aeabi_                  - Undefined Weak Reference
    __cxa_finalize                            - Undefined Weak Reference
    _clock_init                               - Undefined Weak Reference
    _microlib_exit                            - Undefined Weak Reference
    __Vectors_Size                           0x000000ec   Number         0  startup_stm32f103xb.o ABSOLUTE
    __Vectors                                0x08000000   Data           4  startup_stm32f103xb.o(RESET)
    __Vectors_End                            0x080000ec   Data           0  startup_stm32f103xb.o(RESET)
    __main                                   0x080000ed   Thumb Code     0  entry.o(.ARM.Collect$$$$00000000)
    _main_stk                                0x080000ed   Thumb Code     0  entry2.o(.ARM.Collect$$$$00000001)
    _main_scatterload                        0x080000f1   Thumb Code     0  entry5.o(.ARM.Collect$$$$00000004)
    __main_after_scatterload                 0x080000f5   Thumb Code     0  entry5.o(.ARM.Collect$$$$00000004)
    _main_clock                              0x080000f5   Thumb Code     0  entry7b.o(.ARM.Collect$$$$00000008)
    _main_cpp_init                           0x080000f5   Thumb Code     0  entry8b.o(.ARM.Collect$$$$0000000A)
    _main_init                               0x080000f5   Thumb Code     0  entry9a.o(.ARM.Collect$$$$0000000B)
    __rt_lib_shutdown_fini                   0x080000fd   Thumb Code     0  entry12b.o(.ARM.Collect$$$$0000000E)
    __rt_final_cpp                           0x08000101   Thumb Code     0  entry10a.o(.ARM.Collect$$$$0000000F)
    __rt_final_exit                          0x08000101   Thumb Code     0  entry11a.o(.ARM.Collect$$$$00000011)
    SVC_Handler                              0x08000105   Thumb Code    32  port.o(.emb_text)
    __asm___6_port_c_39a90d8d__prvStartFirstTask 0x08000129   Thumb Code    28  port.o(.emb_text)
    PendSV_Handler                           0x08000149   Thumb Code    72  port.o(.emb_text)
    vPortGetIPSR                             0x08000195   Thumb Code     6  port.o(.emb_text)
    __asm___17_vl53l1_platform_c_0eafa6dd____REV16 0x0800019d   Thumb Code     4  vl53l1_platform.o(.rev16_text)
    Reset_Handler                            0x080001a1   Thumb Code     8  startup_stm32f103xb.o(.text)
    ADC1_2_IRQHandler                        0x080001bb   Thumb Code     0  startup_stm32f103xb.o(.text)
    CAN1_RX1_IRQHandler                      0x080001bb   Thumb Code     0  startup_stm32f103xb.o(.text)
    CAN1_SCE_IRQHandler                      0x080001bb   Thumb Code     0  startup_stm32f103xb.o(.text)
    DMA1_Channel1_IRQHandler                 0x080001bb   Thumb Code     0  startup_stm32f103xb.o(.text)
    DMA1_Channel2_IRQHandler                 0x080001bb   Thumb Code     0  startup_stm32f103xb.o(.text)
    DMA1_Channel3_IRQHandler                 0x080001bb   Thumb Code     0  startup_stm32f103xb.o(.text)
    DMA1_Channel4_IRQHandler                 0x080001bb   Thumb Code     0  startup_stm32f103xb.o(.text)
    DMA1_Channel5_IRQHandler                 0x080001bb   Thumb Code     0  startup_stm32f103xb.o(.text)
    DMA1_Channel6_IRQHandler                 0x080001bb   Thumb Code     0  startup_stm32f103xb.o(.text)
    DMA1_Channel7_IRQHandler                 0x080001bb   Thumb Code     0  startup_stm32f103xb.o(.text)
    EXTI0_IRQHandler                         0x080001bb   Thumb Code     0  startup_stm32f103xb.o(.text)
    EXTI15_10_IRQHandler                     0x080001bb   Thumb Code     0  startup_stm32f103xb.o(.text)
    EXTI1_IRQHandler                         0x080001bb   Thumb Code     0  startup_stm32f103xb.o(.text)
    EXTI2_IRQHandler                         0x080001bb   Thumb Code     0  startup_stm32f103xb.o(.text)
    EXTI3_IRQHandler                         0x080001bb   Thumb Code     0  startup_stm32f103xb.o(.text)
    EXTI4_IRQHandler                         0x080001bb   Thumb Code     0  startup_stm32f103xb.o(.text)
    EXTI9_5_IRQHandler                       0x080001bb   Thumb Code     0  startup_stm32f103xb.o(.text)
    FLASH_IRQHandler                         0x080001bb   Thumb Code     0  startup_stm32f103xb.o(.text)
    I2C1_ER_IRQHandler                       0x080001bb   Thumb Code     0  startup_stm32f103xb.o(.text)
    I2C1_EV_IRQHandler                       0x080001bb   Thumb Code     0  startup_stm32f103xb.o(.text)
    I2C2_ER_IRQHandler                       0x080001bb   Thumb Code     0  startup_stm32f103xb.o(.text)
    I2C2_EV_IRQHandler                       0x080001bb   Thumb Code     0  startup_stm32f103xb.o(.text)
    PVD_IRQHandler                           0x080001bb   Thumb Code     0  startup_stm32f103xb.o(.text)
    RCC_IRQHandler                           0x080001bb   Thumb Code     0  startup_stm32f103xb.o(.text)
    RTC_Alarm_IRQHandler                     0x080001bb   Thumb Code     0  startup_stm32f103xb.o(.text)
    RTC_IRQHandler                           0x080001bb   Thumb Code     0  startup_stm32f103xb.o(.text)
    SPI1_IRQHandler                          0x080001bb   Thumb Code     0  startup_stm32f103xb.o(.text)
    SPI2_IRQHandler                          0x080001bb   Thumb Code     0  startup_stm32f103xb.o(.text)
    TAMPER_IRQHandler                        0x080001bb   Thumb Code     0  startup_stm32f103xb.o(.text)
    TIM1_BRK_IRQHandler                      0x080001bb   Thumb Code     0  startup_stm32f103xb.o(.text)
    TIM1_CC_IRQHandler                       0x080001bb   Thumb Code     0  startup_stm32f103xb.o(.text)
    TIM1_TRG_COM_IRQHandler                  0x080001bb   Thumb Code     0  startup_stm32f103xb.o(.text)
    TIM1_UP_IRQHandler                       0x080001bb   Thumb Code     0  startup_stm32f103xb.o(.text)
    TIM2_IRQHandler                          0x080001bb   Thumb Code     0  startup_stm32f103xb.o(.text)
    TIM3_IRQHandler                          0x080001bb   Thumb Code     0  startup_stm32f103xb.o(.text)
    TIM4_IRQHandler                          0x080001bb   Thumb Code     0  startup_stm32f103xb.o(.text)
    USART1_IRQHandler                        0x080001bb   Thumb Code     0  startup_stm32f103xb.o(.text)
    USART2_IRQHandler                        0x080001bb   Thumb Code     0  startup_stm32f103xb.o(.text)
    USART3_IRQHandler                        0x080001bb   Thumb Code     0  startup_stm32f103xb.o(.text)
    USBWakeUp_IRQHandler                     0x080001bb   Thumb Code     0  startup_stm32f103xb.o(.text)
    USB_HP_CAN1_TX_IRQHandler                0x080001bb   Thumb Code     0  startup_stm32f103xb.o(.text)
    USB_LP_CAN1_RX0_IRQHandler               0x080001bb   Thumb Code     0  startup_stm32f103xb.o(.text)
    WWDG_IRQHandler                          0x080001bb   Thumb Code     0  startup_stm32f103xb.o(.text)
    __aeabi_llsr                             0x080001c5   Thumb Code    32  llushr.o(.text)
    _ll_ushift_r                             0x080001c5   Thumb Code     0  llushr.o(.text)
    __aeabi_memset                           0x080001e5   Thumb Code    14  memseta.o(.text)
    __aeabi_memset4                          0x080001e5   Thumb Code     0  memseta.o(.text)
    __aeabi_memset8                          0x080001e5   Thumb Code     0  memseta.o(.text)
    __aeabi_memclr                           0x080001f3   Thumb Code     4  memseta.o(.text)
    __aeabi_memclr4                          0x080001f3   Thumb Code     0  memseta.o(.text)
    __aeabi_memclr8                          0x080001f3   Thumb Code     0  memseta.o(.text)
    _memset$wrapper                          0x080001f7   Thumb Code    18  memseta.o(.text)
    __aeabi_fadd                             0x08000209   Thumb Code   164  fadd.o(.text)
    __aeabi_fsub                             0x080002ad   Thumb Code     6  fadd.o(.text)
    __aeabi_frsub                            0x080002b3   Thumb Code     6  fadd.o(.text)
    __aeabi_fmul                             0x080002b9   Thumb Code   100  fmul.o(.text)
    __aeabi_fdiv                             0x0800031d   Thumb Code   124  fdiv.o(.text)
    __aeabi_dadd                             0x08000399   Thumb Code   322  dadd.o(.text)
    __aeabi_dsub                             0x080004db   Thumb Code     6  dadd.o(.text)
    __aeabi_drsub                            0x080004e1   Thumb Code     6  dadd.o(.text)
    __aeabi_dmul                             0x080004e7   Thumb Code   228  dmul.o(.text)
    __aeabi_ddiv                             0x080005cb   Thumb Code   222  ddiv.o(.text)
    __aeabi_i2f                              0x080006a9   Thumb Code    18  fflti.o(.text)
    __aeabi_ui2f                             0x080006bb   Thumb Code    10  ffltui.o(.text)
    __aeabi_i2d                              0x080006c5   Thumb Code    34  dflti.o(.text)
    __aeabi_ui2d                             0x080006e7   Thumb Code    26  dfltui.o(.text)
    __aeabi_f2iz                             0x08000701   Thumb Code    50  ffixi.o(.text)
    __aeabi_f2uiz                            0x08000733   Thumb Code    40  ffixui.o(.text)
    __aeabi_d2iz                             0x0800075b   Thumb Code    62  dfixi.o(.text)
    __aeabi_d2uiz                            0x08000799   Thumb Code    50  dfixui.o(.text)
    __aeabi_f2d                              0x080007cb   Thumb Code    38  f2d.o(.text)
    __aeabi_cdcmpeq                          0x080007f1   Thumb Code     0  cdcmple.o(.text)
    __aeabi_cdcmple                          0x080007f1   Thumb Code    48  cdcmple.o(.text)
    __aeabi_d2f                              0x08000821   Thumb Code    56  d2f.o(.text)
    __aeabi_cfcmpeq                          0x08000859   Thumb Code     0  cfcmple.o(.text)
    __aeabi_cfcmple                          0x08000859   Thumb Code    20  cfcmple.o(.text)
    __aeabi_cfrcmple                         0x0800086d   Thumb Code    20  cfrcmple.o(.text)
    __aeabi_uldivmod                         0x08000881   Thumb Code    98  uldiv.o(.text)
    __aeabi_llsl                             0x080008e3   Thumb Code    30  llshl.o(.text)
    _ll_shift_l                              0x080008e3   Thumb Code     0  llshl.o(.text)
    __aeabi_lasr                             0x08000901   Thumb Code    36  llsshr.o(.text)
    _ll_sshift_r                             0x08000901   Thumb Code     0  llsshr.o(.text)
    __I$use$fp                               0x08000925   Thumb Code     0  iusefp.o(.text)
    _float_round                             0x08000925   Thumb Code    18  fepilogue.o(.text)
    _float_epilogue                          0x08000937   Thumb Code    92  fepilogue.o(.text)
    _double_round                            0x08000993   Thumb Code    30  depilogue.o(.text)
    _double_epilogue                         0x080009b1   Thumb Code   156  depilogue.o(.text)
    __ARM_scalbn                             0x08000a4d   Thumb Code    46  dscalb.o(.text)
    scalbn                                   0x08000a4d   Thumb Code     0  dscalb.o(.text)
    __scatterload                            0x08000a7d   Thumb Code    28  init.o(.text)
    __scatterload_rt2                        0x08000a7d   Thumb Code     0  init.o(.text)
    __ARM_scalbnf                            0x08000aa1   Thumb Code    24  fscalb.o(.text)
    scalbnf                                  0x08000aa1   Thumb Code     0  fscalb.o(.text)
    _dsqrt                                   0x08000ab9   Thumb Code   162  dsqrt.o(.text)
    __decompress                             0x08000b5b   Thumb Code     0  __dczerorl2.o(.text)
    __decompress1                            0x08000b5b   Thumb Code    86  __dczerorl2.o(.text)
    APP_motor_GetEulerAngle                  0x08000bb1   Thumb Code    20  app_motor.o(i.APP_motor_GetEulerAngle)
    App_handlePowerOff                       0x08000bc5   Thumb Code    30  app_remote_data.o(i.App_handlePowerOff)
    App_height_pid                           0x08000be5   Thumb Code   230  app_motor.o(i.App_height_pid)
    App_motor_GetAGFilter                    0x08000ced   Thumb Code   166  app_motor.o(i.App_motor_GetAGFilter)
    App_motor_pid                            0x08000d9d   Thumb Code   324  app_motor.o(i.App_motor_pid)
    App_motor_runtime                        0x08000f09   Thumb Code  3350  app_motor.o(i.App_motor_runtime)
    App_remote_handleFlightState             0x08001c41   Thumb Code   144  app_remote_data.o(i.App_remote_handleFlightState)
    App_remote_handleRCConnectState          0x08001cfd   Thumb Code    48  app_remote_data.o(i.App_remote_handleRCConnectState)
    App_remote_handleThrUnlock               0x08001d31   Thumb Code   170  app_remote_data.o(i.App_remote_handleThrUnlock)
    App_remote_receive_data                  0x08001de9   Thumb Code   214  app_remote_data.o(i.App_remote_receive_data)
    BusFault_Handler                         0x08001ed1   Thumb Code     4  stm32f1xx_it.o(i.BusFault_Handler)
    Com_PID_Serial                           0x08001ed5   Thumb Code    30  com_pid.o(i.Com_PID_Serial)
    Com_SinglePID                            0x08001ef3   Thumb Code   106  com_pid.o(i.Com_SinglePID)
    Comm_Task                                0x08001f5d   Thumb Code    72  fligh_task.o(i.Comm_Task)
    Common_Filter_KalmanFilter               0x08001fbd   Thumb Code    90  com_filter.o(i.Common_Filter_KalmanFilter)
    Common_Filter_LowPass                    0x08002019   Thumb Code    72  com_filter.o(i.Common_Filter_LowPass)
    Common_IMU_GetEulerAngle                 0x08002069   Thumb Code  1886  com_imu.o(i.Common_IMU_GetEulerAngle)
    Common_IMU_GetNormAccZ                   0x080027dd   Thumb Code     6  com_imu.o(i.Common_IMU_GetNormAccZ)
    DebugMon_Handler                         0x080027e9   Thumb Code     2  stm32f1xx_it.o(i.DebugMon_Handler)
    Error_Handler                            0x080027eb   Thumb Code     6  main.o(i.Error_Handler)
    Flight_TaskStart                         0x080027f1   Thumb Code   106  fligh_task.o(i.Flight_TaskStart)
    HAL_Delay                                0x080028ad   Thumb Code    36  stm32f1xx_hal.o(i.HAL_Delay)
    HAL_GPIO_Init                            0x080028d5   Thumb Code   766  stm32f1xx_hal_gpio.o(i.HAL_GPIO_Init)
    HAL_GPIO_TogglePin                       0x08002bf5   Thumb Code    20  stm32f1xx_hal_gpio.o(i.HAL_GPIO_TogglePin)
    HAL_GPIO_WritePin                        0x08002c09   Thumb Code    12  stm32f1xx_hal_gpio.o(i.HAL_GPIO_WritePin)
    HAL_GetTick                              0x08002c15   Thumb Code     6  stm32f1xx_hal.o(i.HAL_GetTick)
    HAL_I2C_Init                             0x08002c21   Thumb Code   446  stm32f1xx_hal_i2c.o(i.HAL_I2C_Init)
    HAL_I2C_Mem_Read                         0x08002df1   Thumb Code   868  stm32f1xx_hal_i2c.o(i.HAL_I2C_Mem_Read)
    HAL_I2C_Mem_Write                        0x08003165   Thumb Code   348  stm32f1xx_hal_i2c.o(i.HAL_I2C_Mem_Write)
    HAL_I2C_MspInit                          0x080032c9   Thumb Code   190  i2c.o(i.HAL_I2C_MspInit)
    HAL_IncTick                              0x08003399   Thumb Code    16  stm32f1xx_hal.o(i.HAL_IncTick)
    HAL_Init                                 0x080033b1   Thumb Code    34  stm32f1xx_hal.o(i.HAL_Init)
    HAL_InitTick                             0x080033d9   Thumb Code    64  stm32f1xx_hal.o(i.HAL_InitTick)
    HAL_MspInit                              0x08003425   Thumb Code    76  stm32f1xx_hal_msp.o(i.HAL_MspInit)
    HAL_NVIC_SetPriority                     0x08003479   Thumb Code   124  stm32f1xx_hal_cortex.o(i.HAL_NVIC_SetPriority)
    HAL_NVIC_SetPriorityGrouping             0x080034f5   Thumb Code    32  stm32f1xx_hal_cortex.o(i.HAL_NVIC_SetPriorityGrouping)
    HAL_RCC_ClockConfig                      0x0800351d   Thumb Code   376  stm32f1xx_hal_rcc.o(i.HAL_RCC_ClockConfig)
    HAL_RCC_GetHCLKFreq                      0x080036a9   Thumb Code     6  stm32f1xx_hal_rcc.o(i.HAL_RCC_GetHCLKFreq)
    HAL_RCC_GetPCLK1Freq                     0x080036b5   Thumb Code    22  stm32f1xx_hal_rcc.o(i.HAL_RCC_GetPCLK1Freq)
    HAL_RCC_GetPCLK2Freq                     0x080036d5   Thumb Code    22  stm32f1xx_hal_rcc.o(i.HAL_RCC_GetPCLK2Freq)
    HAL_RCC_GetSysClockFreq                  0x080036f5   Thumb Code    92  stm32f1xx_hal_rcc.o(i.HAL_RCC_GetSysClockFreq)
    HAL_RCC_OscConfig                        0x08003765   Thumb Code  1114  stm32f1xx_hal_rcc.o(i.HAL_RCC_OscConfig)
    HAL_SPI_Init                             0x08003bc9   Thumb Code   190  stm32f1xx_hal_spi.o(i.HAL_SPI_Init)
    HAL_SPI_MspInit                          0x08003c89   Thumb Code   120  spi.o(i.HAL_SPI_MspInit)
    HAL_SPI_TransmitReceive                  0x08003d0d   Thumb Code   584  stm32f1xx_hal_spi.o(i.HAL_SPI_TransmitReceive)
    HAL_SYSTICK_Config                       0x08003f55   Thumb Code    52  stm32f1xx_hal_cortex.o(i.HAL_SYSTICK_Config)
    HAL_TIMEx_ConfigBreakDeadTime            0x08003f89   Thumb Code   116  stm32f1xx_hal_tim_ex.o(i.HAL_TIMEx_ConfigBreakDeadTime)
    HAL_TIMEx_MasterConfigSynchronization    0x08003ffd   Thumb Code   118  stm32f1xx_hal_tim_ex.o(i.HAL_TIMEx_MasterConfigSynchronization)
    HAL_TIM_Base_Init                        0x08004081   Thumb Code   102  stm32f1xx_hal_tim.o(i.HAL_TIM_Base_Init)
    HAL_TIM_Base_MspInit                     0x080040e9   Thumb Code   148  tim.o(i.HAL_TIM_Base_MspInit)
    HAL_TIM_ConfigClockSource                0x0800418d   Thumb Code   268  stm32f1xx_hal_tim.o(i.HAL_TIM_ConfigClockSource)
    HAL_TIM_MspPostInit                      0x08004299   Thumb Code   260  tim.o(i.HAL_TIM_MspPostInit)
    HAL_TIM_PWM_ConfigChannel                0x080043b9   Thumb Code   260  stm32f1xx_hal_tim.o(i.HAL_TIM_PWM_ConfigChannel)
    HAL_TIM_PWM_Init                         0x080044bd   Thumb Code   102  stm32f1xx_hal_tim.o(i.HAL_TIM_PWM_Init)
    HAL_TIM_PWM_MspInit                      0x08004523   Thumb Code     2  stm32f1xx_hal_tim.o(i.HAL_TIM_PWM_MspInit)
    HAL_TIM_PWM_Start                        0x08004525   Thumb Code   198  stm32f1xx_hal_tim.o(i.HAL_TIM_PWM_Start)
    HAL_UART_Init                            0x080045f9   Thumb Code   118  stm32f1xx_hal_uart.o(i.HAL_UART_Init)
    HAL_UART_MspInit                         0x08004671   Thumb Code   120  usart.o(i.HAL_UART_MspInit)
    HAL_UART_Transmit                        0x080046f5   Thumb Code   190  stm32f1xx_hal_uart.o(i.HAL_UART_Transmit)
    HardFault_Handler                        0x080047b3   Thumb Code     4  stm32f1xx_it.o(i.HardFault_Handler)
    Int_IP5305T_KeepActive                   0x08004d45   Thumb Code    30  int_ip5305t.o(i.Int_IP5305T_KeepActive)
    Int_IP5305T_Off                          0x08004d69   Thumb Code    64  int_ip5305t.o(i.Int_IP5305T_Off)
    Int_MPU6050_Calibration                  0x08004dad   Thumb Code   406  int_mpu6050.o(i.Int_MPU6050_Calibration)
    Int_MPU6050_Init                         0x08004f4d   Thumb Code    94  int_mpu6050.o(i.Int_MPU6050_Init)
    Int_MPU6050_ReadAG_WitchCalbration       0x08004fad   Thumb Code    94  int_mpu6050.o(i.Int_MPU6050_ReadAG_WitchCalbration)
    Int_MPU6050_ReadRegBytes                 0x08005011   Thumb Code    32  int_mpu6050.o(i.Int_MPU6050_ReadRegBytes)
    Int_MPU6050_WriteRegByte                 0x08005035   Thumb Code    36  int_mpu6050.o(i.Int_MPU6050_WriteRegByte)
    Int_MPU6050_getA                         0x0800505d   Thumb Code    64  int_mpu6050.o(i.Int_MPU6050_getA)
    Int_MPU6050_getG                         0x080050a1   Thumb Code    64  int_mpu6050.o(i.Int_MPU6050_getG)
    Int_Motor_SetSpeed                       0x080050e5   Thumb Code    56  int_motor.o(i.Int_Motor_SetSpeed)
    Int_Motor_Start                          0x0800511d   Thumb Code    44  int_motor.o(i.Int_Motor_Start)
    Int_SI24R1_Init                          0x08005159   Thumb Code    26  int_si24r1.o(i.Int_SI24R1_Init)
    Int_SI24R1_RxPacket                      0x08005173   Thumb Code    52  int_si24r1.o(i.Int_SI24R1_RxPacket)
    Int_SI24R1_SelfCheck                     0x080051a9   Thumb Code   110  int_si24r1.o(i.Int_SI24R1_SelfCheck)
    Int_VL53L1X_GetDistance                  0x08005245   Thumb Code    58  int_vl53l1x.o(i.Int_VL53L1X_GetDistance)
    Int_VL53L1X_Init                         0x08005285   Thumb Code   216  int_vl53l1x.o(i.Int_VL53L1X_Init)
    LED_Blink                                0x080053b9   Thumb Code    18  int_led.o(i.LED_Blink)
    LED_Off                                  0x080053cb   Thumb Code    16  int_led.o(i.LED_Off)
    LED_On                                   0x080053db   Thumb Code    16  int_led.o(i.LED_On)
    LED_Task                                 0x080053ed   Thumb Code   178  fligh_task.o(i.LED_Task)
    MX_GPIO_Init                             0x080054b9   Thumb Code   186  gpio.o(i.MX_GPIO_Init)
    MX_I2C1_Init                             0x08005581   Thumb Code    48  i2c.o(i.MX_I2C1_Init)
    MX_I2C2_Init                             0x080055bd   Thumb Code    48  i2c.o(i.MX_I2C2_Init)
    MX_SPI1_Init                             0x080055f9   Thumb Code    60  spi.o(i.MX_SPI1_Init)
    MX_TIM1_Init                             0x0800563d   Thumb Code   206  tim.o(i.MX_TIM1_Init)
    MX_TIM2_Init                             0x08005715   Thumb Code   156  tim.o(i.MX_TIM2_Init)
    MX_TIM3_Init                             0x080057b5   Thumb Code   154  tim.o(i.MX_TIM3_Init)
    MX_TIM4_Init                             0x08005859   Thumb Code   154  tim.o(i.MX_TIM4_Init)
    MX_USART2_UART_Init                      0x080058fd   Thumb Code    46  usart.o(i.MX_USART2_UART_Init)
    MemManage_Handler                        0x08005935   Thumb Code     4  stm32f1xx_it.o(i.MemManage_Handler)
    Motor_Task                               0x08005939   Thumb Code    92  fligh_task.o(i.Motor_Task)
    NMI_Handler                              0x080059bd   Thumb Code     4  stm32f1xx_it.o(i.NMI_Handler)
    Power_Task                               0x080059c1   Thumb Code    28  fligh_task.o(i.Power_Task)
    SI24R1_RX_Mode                           0x08005a55   Thumb Code    92  int_si24r1.o(i.SI24R1_RX_Mode)
    SI24R1_Read_Buf                          0x08005ab9   Thumb Code    64  int_si24r1.o(i.SI24R1_Read_Buf)
    SI24R1_Read_Reg                          0x08005afd   Thumb Code    42  int_si24r1.o(i.SI24R1_Read_Reg)
    SI24R1_TX_Mode                           0x08005b2d   Thumb Code    94  int_si24r1.o(i.SI24R1_TX_Mode)
    SI24R1_Write_Buf                         0x08005b95   Thumb Code    64  int_si24r1.o(i.SI24R1_Write_Buf)
    SI24R1_Write_Reg                         0x08005bd9   Thumb Code    44  int_si24r1.o(i.SI24R1_Write_Reg)
    SysTick_Handler                          0x08005d49   Thumb Code    20  stm32f1xx_it.o(i.SysTick_Handler)
    SystemClock_Config                       0x08005d5d   Thumb Code   102  main.o(i.SystemClock_Config)
    SystemInit                               0x08005dc3   Thumb Code     2  system_stm32f1xx.o(i.SystemInit)
    TIM_Base_SetConfig                       0x08005dc5   Thumb Code   120  stm32f1xx_hal_tim.o(i.TIM_Base_SetConfig)
    TIM_CCxChannelCmd                        0x08005e49   Thumb Code    34  stm32f1xx_hal_tim.o(i.TIM_CCxChannelCmd)
    TIM_ETR_SetConfig                        0x08005e6b   Thumb Code    22  stm32f1xx_hal_tim.o(i.TIM_ETR_SetConfig)
    TIM_OC2_SetConfig                        0x08005ef5   Thumb Code   100  stm32f1xx_hal_tim.o(i.TIM_OC2_SetConfig)
    UsageFault_Handler                       0x08006251   Thumb Code     4  stm32f1xx_it.o(i.UsageFault_Handler)
    VL53L1X_BootState                        0x08006255   Thumb Code    34  vl53l1x_api.o(i.VL53L1X_BootState)
    VL53L1X_CheckForDataReady                0x08006277   Thumb Code    62  vl53l1x_api.o(i.VL53L1X_CheckForDataReady)
    VL53L1X_ClearInterrupt                   0x080062b5   Thumb Code    22  vl53l1x_api.o(i.VL53L1X_ClearInterrupt)
    VL53L1X_GetDistance                      0x080062cb   Thumb Code    30  vl53l1x_api.o(i.VL53L1X_GetDistance)
    VL53L1X_GetDistanceMode                  0x080062e9   Thumb Code    50  vl53l1x_api.o(i.VL53L1X_GetDistanceMode)
    VL53L1X_GetInterruptPolarity             0x0800631b   Thumb Code    50  vl53l1x_api.o(i.VL53L1X_GetInterruptPolarity)
    VL53L1X_GetTimingBudgetInMs              0x0800634d   Thumb Code   174  vl53l1x_api.o(i.VL53L1X_GetTimingBudgetInMs)
    VL53L1X_SensorInit                       0x080063fd   Thumb Code   114  vl53l1x_api.o(i.VL53L1X_SensorInit)
    VL53L1X_SetDistanceMode                  0x08006475   Thumb Code   214  vl53l1x_api.o(i.VL53L1X_SetDistanceMode)
    VL53L1X_SetInterMeasurementInMs          0x0800654d   Thumb Code    84  vl53l1x_api.o(i.VL53L1X_SetInterMeasurementInMs)
    VL53L1X_SetTimingBudgetInMs              0x080065a5   Thumb Code   434  vl53l1x_api.o(i.VL53L1X_SetTimingBudgetInMs)
    VL53L1X_StartRanging                     0x08006757   Thumb Code    22  vl53l1x_api.o(i.VL53L1X_StartRanging)
    VL53L1X_StopRanging                      0x0800676d   Thumb Code    22  vl53l1x_api.o(i.VL53L1X_StopRanging)
    VL53L1_RdByte                            0x08006785   Thumb Code    36  vl53l1_platform.o(i.VL53L1_RdByte)
    VL53L1_RdWord                            0x080067ad   Thumb Code    44  vl53l1_platform.o(i.VL53L1_RdWord)
    VL53L1_WrByte                            0x080067dd   Thumb Code    40  vl53l1_platform.o(i.VL53L1_WrByte)
    VL53L1_WrDWord                           0x08006809   Thumb Code    46  vl53l1_platform.o(i.VL53L1_WrDWord)
    VL53L1_WrWord                            0x0800683d   Thumb Code    52  vl53l1_platform.o(i.VL53L1_WrWord)
    __0printf$5                              0x08006875   Thumb Code    22  printf5.o(i.__0printf$5)
    __1printf$5                              0x08006875   Thumb Code     0  printf5.o(i.__0printf$5)
    __2printf                                0x08006875   Thumb Code     0  printf5.o(i.__0printf$5)
    __ARM_fpclassify                         0x08006895   Thumb Code    40  fpclassify.o(i.__ARM_fpclassify)
    __ARM_fpclassifyf                        0x080068bd   Thumb Code    38  fpclassifyf.o(i.__ARM_fpclassifyf)
    __kernel_poly                            0x0800691d   Thumb Code   170  poly.o(i.__kernel_poly)
    __mathlib_dbl_infnan                     0x080069c7   Thumb Code     6  dunder.o(i.__mathlib_dbl_infnan)
    __mathlib_dbl_invalid                    0x080069cd   Thumb Code    12  dunder.o(i.__mathlib_dbl_invalid)
    __mathlib_dbl_underflow                  0x080069d9   Thumb Code    10  dunder.o(i.__mathlib_dbl_underflow)
    __mathlib_flt_infnan2                    0x080069e9   Thumb Code     4  funder.o(i.__mathlib_flt_infnan2)
    __mathlib_flt_underflow                  0x080069ed   Thumb Code    10  funder.o(i.__mathlib_flt_underflow)
    __scatterload_copy                       0x080069f7   Thumb Code    14  handlers.o(i.__scatterload_copy)
    __scatterload_null                       0x08006a05   Thumb Code     2  handlers.o(i.__scatterload_null)
    __scatterload_zeroinit                   0x08006a07   Thumb Code    14  handlers.o(i.__scatterload_zeroinit)
    __set_errno                              0x08006a15   Thumb Code     6  errno.o(i.__set_errno)
    asin                                     0x08006ce1   Thumb Code   572  asin.o(i.asin)
    atan2f                                   0x08006f51   Thumb Code   598  atan2f.o(i.atan2f)
    fputc                                    0x080071f5   Thumb Code    22  usart.o(i.fputc)
    main                                     0x08007211   Thumb Code    58  main.o(i.main)
    pvPortMalloc                             0x08007689   Thumb Code   208  heap_4.o(i.pvPortMalloc)
    pxPortInitialiseStack                    0x0800776d   Thumb Code    30  port.o(i.pxPortInitialiseStack)
    sqrt                                     0x08007791   Thumb Code    76  sqrt.o(i.sqrt)
    ulTaskGenericNotifyTake                  0x080077dd   Thumb Code   128  tasks.o(i.ulTaskGenericNotifyTake)
    uxListRemove                             0x08007865   Thumb Code    40  list.o(i.uxListRemove)
    vListInitialise                          0x0800788d   Thumb Code    26  list.o(i.vListInitialise)
    vListInitialiseItem                      0x080078a7   Thumb Code     6  list.o(i.vListInitialiseItem)
    vListInsert                              0x080078ad   Thumb Code    52  list.o(i.vListInsert)
    vPortEnterCritical                       0x080078e1   Thumb Code    30  port.o(i.vPortEnterCritical)
    vPortExitCritical                        0x08007905   Thumb Code    28  port.o(i.vPortExitCritical)
    vPortFree                                0x08007925   Thumb Code    68  heap_4.o(i.vPortFree)
    vPortSetupTimerInterrupt                 0x08007971   Thumb Code    20  port.o(i.vPortSetupTimerInterrupt)
    vTaskDelay                               0x08007989   Thumb Code    46  tasks.o(i.vTaskDelay)
    vTaskStartScheduler                      0x080079bd   Thumb Code    76  tasks.o(i.vTaskStartScheduler)
    vTaskSuspendAll                          0x08007a29   Thumb Code    12  tasks.o(i.vTaskSuspendAll)
    vTaskSwitchContext                       0x08007a39   Thumb Code    76  tasks.o(i.vTaskSwitchContext)
    xPortStartScheduler                      0x08007a99   Thumb Code    42  port.o(i.xPortStartScheduler)
    xPortSysTickHandler                      0x08007acd   Thumb Code    46  port.o(i.xPortSysTickHandler)
    xTaskCreate                              0x08007b01   Thumb Code   104  tasks.o(i.xTaskCreate)
    xTaskDelayUntil                          0x08007b69   Thumb Code   108  tasks.o(i.xTaskDelayUntil)
    xTaskGenericNotify                       0x08007bdd   Thumb Code   314  tasks.o(i.xTaskGenericNotify)
    xTaskGetSchedulerState                   0x08007d29   Thumb Code    24  tasks.o(i.xTaskGetSchedulerState)
    xTaskGetTickCount                        0x08007d49   Thumb Code     6  tasks.o(i.xTaskGetTickCount)
    xTaskIncrementTick                       0x08007d55   Thumb Code   356  tasks.o(i.xTaskIncrementTick)
    xTaskResumeAll                           0x08007ee5   Thumb Code   310  tasks.o(i.xTaskResumeAll)
    AHBPrescTable                            0x08008052   Data          16  system_stm32f1xx.o(.constdata)
    APBPrescTable                            0x08008062   Data           8  system_stm32f1xx.o(.constdata)
    VL51L1X_DEFAULT_CONFIGURATION            0x0800806a   Data          91  vl53l1x_api.o(.constdata)
    Region$$Table$$Base                      0x08008130   Number         0  anon$$obj.o(Region$$Table)
    Region$$Table$$Limit                     0x08008150   Number         0  anon$$obj.o(Region$$Table)
    uwTick                                   0x20000000   Data           4  stm32f1xx_hal.o(.data)
    uwTickPrio                               0x20000004   Data           4  stm32f1xx_hal.o(.data)
    uwTickFreq                               0x20000008   Data           1  stm32f1xx_hal.o(.data)
    SystemCoreClock                          0x2000000c   Data           4  system_stm32f1xx.o(.data)
    pxCurrentTCB                             0x20000010   Data           4  tasks.o(.data)
    uxTopUsedPriority                        0x20000048   Data           4  tasks.o(.data)
    planeState                               0x20000070   Data           1  fligh_task.o(.data)
    rcState                                  0x20000071   Data           1  fligh_task.o(.data)
    height                                   0x20000072   Data           2  fligh_task.o(.data)
    fix_height                               0x20000074   Data           2  fligh_task.o(.data)
    static_az                                0x20000078   Data           4  fligh_task.o(.data)
    Power_Task_Handle                        0x2000007c   Data           4  fligh_task.o(.data)
    LED_Task_Handle                          0x20000080   Data           4  fligh_task.o(.data)
    Motor_Task_Handle                        0x20000084   Data           4  fligh_task.o(.data)
    Comm_Task_Handle                         0x20000088   Data           4  fligh_task.o(.data)
    led_left_bottom                          0x2000008c   Data          12  int_led.o(.data)
    led_left_top                             0x20000098   Data          12  int_led.o(.data)
    led_right_bottom                         0x200000a4   Data          12  int_led.o(.data)
    led_right_top                            0x200000b0   Data          12  int_led.o(.data)
    motor_left_top                           0x200000bc   Data          12  int_motor.o(.data)
    motor_left_bottom                        0x200000c8   Data          12  int_motor.o(.data)
    motor_right_top                          0x200000d4   Data          12  int_motor.o(.data)
    motor_right_bottom                       0x200000e0   Data          12  int_motor.o(.data)
    TX_ADDRESS                               0x200000ec   Data           5  int_si24r1.o(.data)
    data_buffer                              0x200000f1   Data           6  int_mpu6050.o(.data)
    count                                    0x200000f7   Data           1  int_mpu6050.o(.data)
    dev                                      0x200000f8   Data           2  int_vl53l1x.o(.data)
    kfs                                      0x200000fc   Data          72  com_filter.o(.data)
    RtA                                      0x20000144   Data           4  com_imu.o(.data)
    Gyro_G                                   0x20000148   Data           4  com_imu.o(.data)
    Gyro_Gr                                  0x2000014c   Data           4  com_imu.o(.data)
    last_receive_tick                        0x2000016c   Data           4  app_remote_data.o(.data)
    thr_state                                0x20000170   Data           1  app_remote_data.o(.data)
    max_state_start_tick                     0x20000174   Data           4  app_remote_data.o(.data)
    min_state_start_tick                     0x20000178   Data           4  app_remote_data.o(.data)
    pid_pitch                                0x2000017c   Data          32  app_motor.o(.data)
    pid_pitch_g                              0x2000019c   Data          32  app_motor.o(.data)
    pid_roll                                 0x200001bc   Data          32  app_motor.o(.data)
    pid_roll_g                               0x200001dc   Data          32  app_motor.o(.data)
    pid_yaw                                  0x200001fc   Data          32  app_motor.o(.data)
    pid_yaw_g                                0x2000021c   Data          32  app_motor.o(.data)
    pid_h                                    0x2000023c   Data          32  app_motor.o(.data)
    pid_h_v                                  0x2000025c   Data          32  app_motor.o(.data)
    last_g                                   0x2000027c   Data           6  app_motor.o(.data)
    last_height                              0x20000282   Data           2  app_motor.o(.data)
    speed2                                   0x20000284   Data           4  app_motor.o(.data)
    __stdout                                 0x20000288   Data           4  stdout.o(.data)
    hi2c1                                    0x20000290   Data          84  i2c.o(.bss)
    hi2c2                                    0x200002e4   Data          84  i2c.o(.bss)
    hspi1                                    0x20000338   Data          88  spi.o(.bss)
    htim1                                    0x20000390   Data          72  tim.o(.bss)
    htim2                                    0x200003d8   Data          72  tim.o(.bss)
    htim3                                    0x20000420   Data          72  tim.o(.bss)
    htim4                                    0x20000468   Data          72  tim.o(.bss)
    huart2                                   0x200004b0   Data          72  usart.o(.bss)
    ag                                       0x200049c0   Data          12  fligh_task.o(.bss)
    eulerAngle                               0x200049cc   Data          12  fligh_task.o(.bss)
    remote_data                              0x200049d8   Data          10  fligh_task.o(.bss)
    a_g_cal                                  0x200049e4   Data          24  int_mpu6050.o(.bss)
    rx_buffer                                0x20004a08   Data          17  app_remote_data.o(.bss)
    __initial_sp                             0x20004e20   Data           0  startup_stm32f103xb.o(STACK)



==============================================================================

Memory Map of the image

  Image Entry point : 0x080000ed

  Load Region LR_IROM1 (Base: 0x08000000, Size: 0x000083e0, Max: 0x00010000, ABSOLUTE, COMPRESSED[0x000081e0])

    Execution Region ER_IROM1 (Exec base: 0x08000000, Load base: 0x08000000, Size: 0x00008150, Max: 0x00010000, ABSOLUTE)

    Exec Addr    Load Addr    Size         Type   Attr      Idx    E Section Name        Object

    0x08000000   0x08000000   0x000000ec   Data   RO            3    RESET               startup_stm32f103xb.o
    0x080000ec   0x080000ec   0x00000000   Code   RO         5583  * .ARM.Collect$$$$00000000  mc_w.l(entry.o)
    0x080000ec   0x080000ec   0x00000004   Code   RO         5935    .ARM.Collect$$$$00000001  mc_w.l(entry2.o)
    0x080000f0   0x080000f0   0x00000004   Code   RO         5938    .ARM.Collect$$$$00000004  mc_w.l(entry5.o)
    0x080000f4   0x080000f4   0x00000000   Code   RO         5940    .ARM.Collect$$$$00000008  mc_w.l(entry7b.o)
    0x080000f4   0x080000f4   0x00000000   Code   RO         5942    .ARM.Collect$$$$0000000A  mc_w.l(entry8b.o)
    0x080000f4   0x080000f4   0x00000008   Code   RO         5943    .ARM.Collect$$$$0000000B  mc_w.l(entry9a.o)
    0x080000fc   0x080000fc   0x00000004   Code   RO         5950    .ARM.Collect$$$$0000000E  mc_w.l(entry12b.o)
    0x08000100   0x08000100   0x00000000   Code   RO         5945    .ARM.Collect$$$$0000000F  mc_w.l(entry10a.o)
    0x08000100   0x08000100   0x00000000   Code   RO         5947    .ARM.Collect$$$$00000011  mc_w.l(entry11a.o)
    0x08000100   0x08000100   0x00000004   Code   RO         5936    .ARM.Collect$$$$00002712  mc_w.l(entry2.o)
    0x08000104   0x08000104   0x00000096   Code   RO         4536    .emb_text           port.o
    0x0800019a   0x0800019a   0x00000002   PAD
    0x0800019c   0x0800019c   0x00000004   Code   RO         4996    .rev16_text         vl53l1_platform.o
    0x080001a0   0x080001a0   0x00000024   Code   RO            4    .text               startup_stm32f103xb.o
    0x080001c4   0x080001c4   0x00000020   Code   RO         5586    .text               mc_w.l(llushr.o)
    0x080001e4   0x080001e4   0x00000024   Code   RO         5590    .text               mc_w.l(memseta.o)
    0x08000208   0x08000208   0x000000b0   Code   RO         5855    .text               mf_w.l(fadd.o)
    0x080002b8   0x080002b8   0x00000064   Code   RO         5857    .text               mf_w.l(fmul.o)
    0x0800031c   0x0800031c   0x0000007c   Code   RO         5859    .text               mf_w.l(fdiv.o)
    0x08000398   0x08000398   0x0000014e   Code   RO         5861    .text               mf_w.l(dadd.o)
    0x080004e6   0x080004e6   0x000000e4   Code   RO         5863    .text               mf_w.l(dmul.o)
    0x080005ca   0x080005ca   0x000000de   Code   RO         5865    .text               mf_w.l(ddiv.o)
    0x080006a8   0x080006a8   0x00000012   Code   RO         5867    .text               mf_w.l(fflti.o)
    0x080006ba   0x080006ba   0x0000000a   Code   RO         5869    .text               mf_w.l(ffltui.o)
    0x080006c4   0x080006c4   0x00000022   Code   RO         5871    .text               mf_w.l(dflti.o)
    0x080006e6   0x080006e6   0x0000001a   Code   RO         5873    .text               mf_w.l(dfltui.o)
    0x08000700   0x08000700   0x00000032   Code   RO         5875    .text               mf_w.l(ffixi.o)
    0x08000732   0x08000732   0x00000028   Code   RO         5877    .text               mf_w.l(ffixui.o)
    0x0800075a   0x0800075a   0x0000003e   Code   RO         5879    .text               mf_w.l(dfixi.o)
    0x08000798   0x08000798   0x00000032   Code   RO         5881    .text               mf_w.l(dfixui.o)
    0x080007ca   0x080007ca   0x00000026   Code   RO         5883    .text               mf_w.l(f2d.o)
    0x080007f0   0x080007f0   0x00000030   Code   RO         5885    .text               mf_w.l(cdcmple.o)
    0x08000820   0x08000820   0x00000038   Code   RO         5887    .text               mf_w.l(d2f.o)
    0x08000858   0x08000858   0x00000014   Code   RO         5889    .text               mf_w.l(cfcmple.o)
    0x0800086c   0x0800086c   0x00000014   Code   RO         5891    .text               mf_w.l(cfrcmple.o)
    0x08000880   0x08000880   0x00000062   Code   RO         5954    .text               mc_w.l(uldiv.o)
    0x080008e2   0x080008e2   0x0000001e   Code   RO         5956    .text               mc_w.l(llshl.o)
    0x08000900   0x08000900   0x00000024   Code   RO         5958    .text               mc_w.l(llsshr.o)
    0x08000924   0x08000924   0x00000000   Code   RO         5967    .text               mc_w.l(iusefp.o)
    0x08000924   0x08000924   0x0000006e   Code   RO         5968    .text               mf_w.l(fepilogue.o)
    0x08000992   0x08000992   0x000000ba   Code   RO         5970    .text               mf_w.l(depilogue.o)
    0x08000a4c   0x08000a4c   0x0000002e   Code   RO         5972    .text               mf_w.l(dscalb.o)
    0x08000a7a   0x08000a7a   0x00000002   PAD
    0x08000a7c   0x08000a7c   0x00000024   Code   RO         5978    .text               mc_w.l(init.o)
    0x08000aa0   0x08000aa0   0x00000018   Code   RO         5980    .text               mf_w.l(fscalb.o)
    0x08000ab8   0x08000ab8   0x000000a2   Code   RO         5982    .text               mf_w.l(dsqrt.o)
    0x08000b5a   0x08000b5a   0x00000056   Code   RO         5992    .text               mc_w.l(__dczerorl2.o)
    0x08000bb0   0x08000bb0   0x00000014   Code   RO         5517    i.APP_motor_GetEulerAngle  app_motor.o
    0x08000bc4   0x08000bc4   0x0000001e   Code   RO         5464    i.App_handlePowerOff  app_remote_data.o
    0x08000be2   0x08000be2   0x00000002   PAD
    0x08000be4   0x08000be4   0x00000108   Code   RO         5518    i.App_height_pid    app_motor.o
    0x08000cec   0x08000cec   0x000000b0   Code   RO         5519    i.App_motor_GetAGFilter  app_motor.o
    0x08000d9c   0x08000d9c   0x0000016c   Code   RO         5520    i.App_motor_pid     app_motor.o
    0x08000f08   0x08000f08   0x00000d38   Code   RO         5521    i.App_motor_runtime  app_motor.o
    0x08001c40   0x08001c40   0x000000bc   Code   RO         5465    i.App_remote_handleFlightState  app_remote_data.o
    0x08001cfc   0x08001cfc   0x00000034   Code   RO         5466    i.App_remote_handleRCConnectState  app_remote_data.o
    0x08001d30   0x08001d30   0x000000b8   Code   RO         5467    i.App_remote_handleThrUnlock  app_remote_data.o
    0x08001de8   0x08001de8   0x000000e8   Code   RO         5468    i.App_remote_receive_data  app_remote_data.o
    0x08001ed0   0x08001ed0   0x00000004   Code   RO          483    i.BusFault_Handler  stm32f1xx_it.o
    0x08001ed4   0x08001ed4   0x0000001e   Code   RO         5443    i.Com_PID_Serial    com_pid.o
    0x08001ef2   0x08001ef2   0x0000006a   Code   RO         5444    i.Com_SinglePID     com_pid.o
    0x08001f5c   0x08001f5c   0x00000060   Code   RO         4671    i.Comm_Task         fligh_task.o
    0x08001fbc   0x08001fbc   0x0000005a   Code   RO         5389    i.Common_Filter_KalmanFilter  com_filter.o
    0x08002016   0x08002016   0x00000002   PAD
    0x08002018   0x08002018   0x00000050   Code   RO         5390    i.Common_Filter_LowPass  com_filter.o
    0x08002068   0x08002068   0x00000774   Code   RO         5413    i.Common_IMU_GetEulerAngle  com_imu.o
    0x080027dc   0x080027dc   0x0000000c   Code   RO         5414    i.Common_IMU_GetNormAccZ  com_imu.o
    0x080027e8   0x080027e8   0x00000002   Code   RO          484    i.DebugMon_Handler  stm32f1xx_it.o
    0x080027ea   0x080027ea   0x00000006   Code   RO           13    i.Error_Handler     main.o
    0x080027f0   0x080027f0   0x000000bc   Code   RO         4672    i.Flight_TaskStart  fligh_task.o
    0x080028ac   0x080028ac   0x00000028   Code   RO         1090    i.HAL_Delay         stm32f1xx_hal.o
    0x080028d4   0x080028d4   0x00000320   Code   RO         1405    i.HAL_GPIO_Init     stm32f1xx_hal_gpio.o
    0x08002bf4   0x08002bf4   0x00000014   Code   RO         1408    i.HAL_GPIO_TogglePin  stm32f1xx_hal_gpio.o
    0x08002c08   0x08002c08   0x0000000c   Code   RO         1409    i.HAL_GPIO_WritePin  stm32f1xx_hal_gpio.o
    0x08002c14   0x08002c14   0x0000000c   Code   RO         1094    i.HAL_GetTick       stm32f1xx_hal.o
    0x08002c20   0x08002c20   0x000001d0   Code   RO          617    i.HAL_I2C_Init      stm32f1xx_hal_i2c.o
    0x08002df0   0x08002df0   0x00000374   Code   RO          635    i.HAL_I2C_Mem_Read  stm32f1xx_hal_i2c.o
    0x08003164   0x08003164   0x00000164   Code   RO          638    i.HAL_I2C_Mem_Write  stm32f1xx_hal_i2c.o
    0x080032c8   0x080032c8   0x000000d0   Code   RO          280    i.HAL_I2C_MspInit   i2c.o
    0x08003398   0x08003398   0x00000018   Code   RO         1100    i.HAL_IncTick       stm32f1xx_hal.o
    0x080033b0   0x080033b0   0x00000028   Code   RO         1101    i.HAL_Init          stm32f1xx_hal.o
    0x080033d8   0x080033d8   0x0000004c   Code   RO         1102    i.HAL_InitTick      stm32f1xx_hal.o
    0x08003424   0x08003424   0x00000054   Code   RO          546    i.HAL_MspInit       stm32f1xx_hal_msp.o
    0x08003478   0x08003478   0x0000007c   Code   RO         1571    i.HAL_NVIC_SetPriority  stm32f1xx_hal_cortex.o
    0x080034f4   0x080034f4   0x00000028   Code   RO         1572    i.HAL_NVIC_SetPriorityGrouping  stm32f1xx_hal_cortex.o
    0x0800351c   0x0800351c   0x0000018c   Code   RO         1258    i.HAL_RCC_ClockConfig  stm32f1xx_hal_rcc.o
    0x080036a8   0x080036a8   0x0000000c   Code   RO         1263    i.HAL_RCC_GetHCLKFreq  stm32f1xx_hal_rcc.o
    0x080036b4   0x080036b4   0x00000020   Code   RO         1265    i.HAL_RCC_GetPCLK1Freq  stm32f1xx_hal_rcc.o
    0x080036d4   0x080036d4   0x00000020   Code   RO         1266    i.HAL_RCC_GetPCLK2Freq  stm32f1xx_hal_rcc.o
    0x080036f4   0x080036f4   0x00000070   Code   RO         1267    i.HAL_RCC_GetSysClockFreq  stm32f1xx_hal_rcc.o
    0x08003764   0x08003764   0x00000464   Code   RO         1270    i.HAL_RCC_OscConfig  stm32f1xx_hal_rcc.o
    0x08003bc8   0x08003bc8   0x000000be   Code   RO         2102    i.HAL_SPI_Init      stm32f1xx_hal_spi.o
    0x08003c86   0x08003c86   0x00000002   PAD
    0x08003c88   0x08003c88   0x00000084   Code   RO          328    i.HAL_SPI_MspInit   spi.o
    0x08003d0c   0x08003d0c   0x00000248   Code   RO         2111    i.HAL_SPI_TransmitReceive  stm32f1xx_hal_spi.o
    0x08003f54   0x08003f54   0x00000034   Code   RO         1576    i.HAL_SYSTICK_Config  stm32f1xx_hal_cortex.o
    0x08003f88   0x08003f88   0x00000074   Code   RO         3133    i.HAL_TIMEx_ConfigBreakDeadTime  stm32f1xx_hal_tim_ex.o
    0x08003ffc   0x08003ffc   0x00000084   Code   RO         3149    i.HAL_TIMEx_MasterConfigSynchronization  stm32f1xx_hal_tim_ex.o
    0x08004080   0x08004080   0x00000066   Code   RO         2415    i.HAL_TIM_Base_Init  stm32f1xx_hal_tim.o
    0x080040e6   0x080040e6   0x00000002   PAD
    0x080040e8   0x080040e8   0x000000a4   Code   RO          370    i.HAL_TIM_Base_MspInit  tim.o
    0x0800418c   0x0800418c   0x0000010c   Code   RO         2424    i.HAL_TIM_ConfigClockSource  stm32f1xx_hal_tim.o
    0x08004298   0x08004298   0x00000120   Code   RO          371    i.HAL_TIM_MspPostInit  tim.o
    0x080043b8   0x080043b8   0x00000104   Code   RO         2487    i.HAL_TIM_PWM_ConfigChannel  stm32f1xx_hal_tim.o
    0x080044bc   0x080044bc   0x00000066   Code   RO         2490    i.HAL_TIM_PWM_Init  stm32f1xx_hal_tim.o
    0x08004522   0x08004522   0x00000002   Code   RO         2492    i.HAL_TIM_PWM_MspInit  stm32f1xx_hal_tim.o
    0x08004524   0x08004524   0x000000d4   Code   RO         2495    i.HAL_TIM_PWM_Start  stm32f1xx_hal_tim.o
    0x080045f8   0x080045f8   0x00000076   Code   RO         3427    i.HAL_UART_Init     stm32f1xx_hal_uart.o
    0x0800466e   0x0800466e   0x00000002   PAD
    0x08004670   0x08004670   0x00000084   Code   RO          436    i.HAL_UART_MspInit  usart.o
    0x080046f4   0x080046f4   0x000000be   Code   RO         3435    i.HAL_UART_Transmit  stm32f1xx_hal_uart.o
    0x080047b2   0x080047b2   0x00000004   Code   RO          485    i.HardFault_Handler  stm32f1xx_it.o
    0x080047b6   0x080047b6   0x0000003e   Code   RO          661    i.I2C_IsAcknowledgeFailed  stm32f1xx_hal_i2c.o
    0x080047f4   0x080047f4   0x00000160   Code   RO          672    i.I2C_RequestMemoryRead  stm32f1xx_hal_i2c.o
    0x08004954   0x08004954   0x000000e0   Code   RO          673    i.I2C_RequestMemoryWrite  stm32f1xx_hal_i2c.o
    0x08004a34   0x08004a34   0x00000066   Code   RO          681    i.I2C_WaitOnBTFFlagUntilTimeout  stm32f1xx_hal_i2c.o
    0x08004a9a   0x08004a9a   0x000000be   Code   RO          682    i.I2C_WaitOnFlagUntilTimeout  stm32f1xx_hal_i2c.o
    0x08004b58   0x08004b58   0x000000fa   Code   RO          683    i.I2C_WaitOnMasterAddressFlagUntilTimeout  stm32f1xx_hal_i2c.o
    0x08004c52   0x08004c52   0x0000008a   Code   RO          684    i.I2C_WaitOnRXNEFlagUntilTimeout  stm32f1xx_hal_i2c.o
    0x08004cdc   0x08004cdc   0x00000066   Code   RO          687    i.I2C_WaitOnTXEFlagUntilTimeout  stm32f1xx_hal_i2c.o
    0x08004d42   0x08004d42   0x00000002   PAD
    0x08004d44   0x08004d44   0x00000024   Code   RO         4726    i.Int_IP5305T_KeepActive  int_ip5305t.o
    0x08004d68   0x08004d68   0x00000044   Code   RO         4727    i.Int_IP5305T_Off   int_ip5305t.o
    0x08004dac   0x08004dac   0x000001a0   Code   RO         4920    i.Int_MPU6050_Calibration  int_mpu6050.o
    0x08004f4c   0x08004f4c   0x0000005e   Code   RO         4921    i.Int_MPU6050_Init  int_mpu6050.o
    0x08004faa   0x08004faa   0x00000002   PAD
    0x08004fac   0x08004fac   0x00000064   Code   RO         4922    i.Int_MPU6050_ReadAG_WitchCalbration  int_mpu6050.o
    0x08005010   0x08005010   0x00000024   Code   RO         4924    i.Int_MPU6050_ReadRegBytes  int_mpu6050.o
    0x08005034   0x08005034   0x00000028   Code   RO         4925    i.Int_MPU6050_WriteRegByte  int_mpu6050.o
    0x0800505c   0x0800505c   0x00000044   Code   RO         4927    i.Int_MPU6050_getA  int_mpu6050.o
    0x080050a0   0x080050a0   0x00000044   Code   RO         4928    i.Int_MPU6050_getG  int_mpu6050.o
    0x080050e4   0x080050e4   0x00000038   Code   RO         4798    i.Int_Motor_SetSpeed  int_motor.o
    0x0800511c   0x0800511c   0x0000003c   Code   RO         4799    i.Int_Motor_Start   int_motor.o
    0x08005158   0x08005158   0x0000001a   Code   RO         4834    i.Int_SI24R1_Init   int_si24r1.o
    0x08005172   0x08005172   0x00000034   Code   RO         4835    i.Int_SI24R1_RxPacket  int_si24r1.o
    0x080051a6   0x080051a6   0x00000002   PAD
    0x080051a8   0x080051a8   0x0000009c   Code   RO         4836    i.Int_SI24R1_SelfCheck  int_si24r1.o
    0x08005244   0x08005244   0x00000040   Code   RO         5356    i.Int_VL53L1X_GetDistance  int_vl53l1x.o
    0x08005284   0x08005284   0x00000134   Code   RO         5357    i.Int_VL53L1X_Init  int_vl53l1x.o
    0x080053b8   0x080053b8   0x00000012   Code   RO         4756    i.LED_Blink         int_led.o
    0x080053ca   0x080053ca   0x00000010   Code   RO         4757    i.LED_Off           int_led.o
    0x080053da   0x080053da   0x00000010   Code   RO         4758    i.LED_On            int_led.o
    0x080053ea   0x080053ea   0x00000002   PAD
    0x080053ec   0x080053ec   0x000000cc   Code   RO         4673    i.LED_Task          fligh_task.o
    0x080054b8   0x080054b8   0x000000c8   Code   RO          255    i.MX_GPIO_Init      gpio.o
    0x08005580   0x08005580   0x0000003c   Code   RO          281    i.MX_I2C1_Init      i2c.o
    0x080055bc   0x080055bc   0x0000003c   Code   RO          282    i.MX_I2C2_Init      i2c.o
    0x080055f8   0x080055f8   0x00000044   Code   RO          329    i.MX_SPI1_Init      spi.o
    0x0800563c   0x0800563c   0x000000d8   Code   RO          372    i.MX_TIM1_Init      tim.o
    0x08005714   0x08005714   0x000000a0   Code   RO          373    i.MX_TIM2_Init      tim.o
    0x080057b4   0x080057b4   0x000000a4   Code   RO          374    i.MX_TIM3_Init      tim.o
    0x08005858   0x08005858   0x000000a4   Code   RO          375    i.MX_TIM4_Init      tim.o
    0x080058fc   0x080058fc   0x00000038   Code   RO          437    i.MX_USART2_UART_Init  usart.o
    0x08005934   0x08005934   0x00000004   Code   RO          486    i.MemManage_Handler  stm32f1xx_it.o
    0x08005938   0x08005938   0x00000084   Code   RO         4674    i.Motor_Task        fligh_task.o
    0x080059bc   0x080059bc   0x00000004   Code   RO          487    i.NMI_Handler       stm32f1xx_it.o
    0x080059c0   0x080059c0   0x0000001c   Code   RO         4675    i.Power_Task        fligh_task.o
    0x080059dc   0x080059dc   0x00000050   Code   RO         5415    i.Q_rsqrt           com_imu.o
    0x08005a2c   0x08005a2c   0x00000028   Code   RO         1271    i.RCC_Delay         stm32f1xx_hal_rcc.o
    0x08005a54   0x08005a54   0x00000064   Code   RO         4838    i.SI24R1_RX_Mode    int_si24r1.o
    0x08005ab8   0x08005ab8   0x00000044   Code   RO         4839    i.SI24R1_Read_Buf   int_si24r1.o
    0x08005afc   0x08005afc   0x00000030   Code   RO         4840    i.SI24R1_Read_Reg   int_si24r1.o
    0x08005b2c   0x08005b2c   0x00000068   Code   RO         4841    i.SI24R1_TX_Mode    int_si24r1.o
    0x08005b94   0x08005b94   0x00000044   Code   RO         4842    i.SI24R1_Write_Buf  int_si24r1.o
    0x08005bd8   0x08005bd8   0x00000030   Code   RO         4843    i.SI24R1_Write_Reg  int_si24r1.o
    0x08005c08   0x08005c08   0x00000044   Code   RO         2140    i.SPI_EndRxTxTransaction  stm32f1xx_hal_spi.o
    0x08005c4c   0x08005c4c   0x00000024   Code   RO         4844    i.SPI_RW            int_si24r1.o
    0x08005c70   0x08005c70   0x000000d8   Code   RO         2145    i.SPI_WaitFlagStateUntilTimeout  stm32f1xx_hal_spi.o
    0x08005d48   0x08005d48   0x00000014   Code   RO          488    i.SysTick_Handler   stm32f1xx_it.o
    0x08005d5c   0x08005d5c   0x00000066   Code   RO           14    i.SystemClock_Config  main.o
    0x08005dc2   0x08005dc2   0x00000002   Code   RO         3771    i.SystemInit        system_stm32f1xx.o
    0x08005dc4   0x08005dc4   0x00000084   Code   RO         2508    i.TIM_Base_SetConfig  stm32f1xx_hal_tim.o
    0x08005e48   0x08005e48   0x00000022   Code   RO         2509    i.TIM_CCxChannelCmd  stm32f1xx_hal_tim.o
    0x08005e6a   0x08005e6a   0x00000016   Code   RO         2519    i.TIM_ETR_SetConfig  stm32f1xx_hal_tim.o
    0x08005e80   0x08005e80   0x00000012   Code   RO         2520    i.TIM_ITRx_SetConfig  stm32f1xx_hal_tim.o
    0x08005e92   0x08005e92   0x00000002   PAD
    0x08005e94   0x08005e94   0x00000060   Code   RO         2521    i.TIM_OC1_SetConfig  stm32f1xx_hal_tim.o
    0x08005ef4   0x08005ef4   0x00000068   Code   RO         2522    i.TIM_OC2_SetConfig  stm32f1xx_hal_tim.o
    0x08005f5c   0x08005f5c   0x00000068   Code   RO         2523    i.TIM_OC3_SetConfig  stm32f1xx_hal_tim.o
    0x08005fc4   0x08005fc4   0x00000048   Code   RO         2524    i.TIM_OC4_SetConfig  stm32f1xx_hal_tim.o
    0x0800600c   0x0800600c   0x00000026   Code   RO         2526    i.TIM_TI1_ConfigInputStage  stm32f1xx_hal_tim.o
    0x08006032   0x08006032   0x00000028   Code   RO         2528    i.TIM_TI2_ConfigInputStage  stm32f1xx_hal_tim.o
    0x0800605a   0x0800605a   0x0000006c   Code   RO         3450    i.UART_EndRxTransfer  stm32f1xx_hal_uart.o
    0x080060c6   0x080060c6   0x00000002   PAD
    0x080060c8   0x080060c8   0x000000fc   Code   RO         3454    i.UART_SetConfig    stm32f1xx_hal_uart.o
    0x080061c4   0x080061c4   0x0000008c   Code   RO         3458    i.UART_WaitOnFlagUntilTimeout  stm32f1xx_hal_uart.o
    0x08006250   0x08006250   0x00000004   Code   RO          489    i.UsageFault_Handler  stm32f1xx_it.o
    0x08006254   0x08006254   0x00000022   Code   RO         5071    i.VL53L1X_BootState  vl53l1x_api.o
    0x08006276   0x08006276   0x0000003e   Code   RO         5072    i.VL53L1X_CheckForDataReady  vl53l1x_api.o
    0x080062b4   0x080062b4   0x00000016   Code   RO         5073    i.VL53L1X_ClearInterrupt  vl53l1x_api.o
    0x080062ca   0x080062ca   0x0000001e   Code   RO         5076    i.VL53L1X_GetDistance  vl53l1x_api.o
    0x080062e8   0x080062e8   0x00000032   Code   RO         5077    i.VL53L1X_GetDistanceMode  vl53l1x_api.o
    0x0800631a   0x0800631a   0x00000032   Code   RO         5082    i.VL53L1X_GetInterruptPolarity  vl53l1x_api.o
    0x0800634c   0x0800634c   0x000000ae   Code   RO         5095    i.VL53L1X_GetTimingBudgetInMs  vl53l1x_api.o
    0x080063fa   0x080063fa   0x00000002   PAD
    0x080063fc   0x080063fc   0x00000078   Code   RO         5097    i.VL53L1X_SensorInit  vl53l1x_api.o
    0x08006474   0x08006474   0x000000d6   Code   RO         5098    i.VL53L1X_SetDistanceMode  vl53l1x_api.o
    0x0800654a   0x0800654a   0x00000002   PAD
    0x0800654c   0x0800654c   0x00000058   Code   RO         5101    i.VL53L1X_SetInterMeasurementInMs  vl53l1x_api.o
    0x080065a4   0x080065a4   0x000001b2   Code   RO         5108    i.VL53L1X_SetTimingBudgetInMs  vl53l1x_api.o
    0x08006756   0x08006756   0x00000016   Code   RO         5110    i.VL53L1X_StartRanging  vl53l1x_api.o
    0x0800676c   0x0800676c   0x00000016   Code   RO         5112    i.VL53L1X_StopRanging  vl53l1x_api.o
    0x08006782   0x08006782   0x00000002   PAD
    0x08006784   0x08006784   0x00000028   Code   RO         4999    i.VL53L1_RdByte     vl53l1_platform.o
    0x080067ac   0x080067ac   0x00000030   Code   RO         5001    i.VL53L1_RdWord     vl53l1_platform.o
    0x080067dc   0x080067dc   0x0000002c   Code   RO         5004    i.VL53L1_WrByte     vl53l1_platform.o
    0x08006808   0x08006808   0x00000034   Code   RO         5005    i.VL53L1_WrDWord    vl53l1_platform.o
    0x0800683c   0x0800683c   0x00000038   Code   RO         5006    i.VL53L1_WrWord     vl53l1_platform.o
    0x08006874   0x08006874   0x00000020   Code   RO         5727    i.__0printf$5       mc_w.l(printf5.o)
    0x08006894   0x08006894   0x00000028   Code   RO         5907    i.__ARM_fpclassify  m_ws.l(fpclassify.o)
    0x080068bc   0x080068bc   0x00000026   Code   RO         5909    i.__ARM_fpclassifyf  m_ws.l(fpclassifyf.o)
    0x080068e2   0x080068e2   0x00000002   PAD
    0x080068e4   0x080068e4   0x00000010   Code   RO         1578    i.__NVIC_GetPriorityGrouping  stm32f1xx_hal_cortex.o
    0x080068f4   0x080068f4   0x00000028   Code   RO         1579    i.__NVIC_SetPriority  stm32f1xx_hal_cortex.o
    0x0800691c   0x0800691c   0x000000aa   Code   RO         5925    i.__kernel_poly     m_ws.l(poly.o)
    0x080069c6   0x080069c6   0x00000006   Code   RO         5894    i.__mathlib_dbl_infnan  m_ws.l(dunder.o)
    0x080069cc   0x080069cc   0x0000000c   Code   RO         5896    i.__mathlib_dbl_invalid  m_ws.l(dunder.o)
    0x080069d8   0x080069d8   0x00000010   Code   RO         5899    i.__mathlib_dbl_underflow  m_ws.l(dunder.o)
    0x080069e8   0x080069e8   0x00000004   Code   RO         5913    i.__mathlib_flt_infnan2  m_ws.l(funder.o)
    0x080069ec   0x080069ec   0x0000000a   Code   RO         5917    i.__mathlib_flt_underflow  m_ws.l(funder.o)
    0x080069f6   0x080069f6   0x0000000e   Code   RO         5986    i.__scatterload_copy  mc_w.l(handlers.o)
    0x08006a04   0x08006a04   0x00000002   Code   RO         5987    i.__scatterload_null  mc_w.l(handlers.o)
    0x08006a06   0x08006a06   0x0000000e   Code   RO         5988    i.__scatterload_zeroinit  mc_w.l(handlers.o)
    0x08006a14   0x08006a14   0x0000000c   Code   RO         5962    i.__set_errno       mc_w.l(errno.o)
    0x08006a20   0x08006a20   0x000002c0   Code   RO         5734    i._printf_core      mc_w.l(printf5.o)
    0x08006ce0   0x08006ce0   0x00000270   Code   RO         5566    i.asin              m_ws.l(asin.o)
    0x08006f50   0x08006f50   0x000002a4   Code   RO         5576    i.atan2f            m_ws.l(atan2f.o)
    0x080071f4   0x080071f4   0x0000001c   Code   RO          438    i.fputc             usart.o
    0x08007210   0x08007210   0x0000004c   Code   RO           15    i.main              main.o
    0x0800725c   0x0800725c   0x000000c0   Code   RO         4224    i.prvAddCurrentTaskToDelayedList  tasks.o
    0x0800731c   0x0800731c   0x000000e4   Code   RO         4225    i.prvAddNewTaskToReadyList  tasks.o
    0x08007400   0x08007400   0x00000048   Code   RO         4226    i.prvCheckTasksWaitingTermination  tasks.o
    0x08007448   0x08007448   0x00000012   Code   RO         4227    i.prvDeleteTCB      tasks.o
    0x0800745a   0x0800745a   0x00000002   PAD
    0x0800745c   0x0800745c   0x00000070   Code   RO         4607    i.prvHeapInit       heap_4.o
    0x080074cc   0x080074cc   0x00000028   Code   RO         4228    i.prvIdleTask       tasks.o
    0x080074f4   0x080074f4   0x0000007a   Code   RO         4229    i.prvInitialiseNewTask  tasks.o
    0x0800756e   0x0800756e   0x00000002   PAD
    0x08007570   0x08007570   0x00000068   Code   RO         4230    i.prvInitialiseTaskLists  tasks.o
    0x080075d8   0x080075d8   0x00000068   Code   RO         4608    i.prvInsertBlockIntoFreeList  heap_4.o
    0x08007640   0x08007640   0x00000030   Code   RO         4231    i.prvResetNextTaskUnblockTime  tasks.o
    0x08007670   0x08007670   0x00000016   Code   RO         4537    i.prvTaskExitError  port.o
    0x08007686   0x08007686   0x00000002   PAD
    0x08007688   0x08007688   0x000000e4   Code   RO         4610    i.pvPortMalloc      heap_4.o
    0x0800776c   0x0800776c   0x00000024   Code   RO         4538    i.pxPortInitialiseStack  port.o
    0x08007790   0x08007790   0x0000004c   Code   RO         5928    i.sqrt              m_ws.l(sqrt.o)
    0x080077dc   0x080077dc   0x00000088   Code   RO         4233    i.ulTaskGenericNotifyTake  tasks.o
    0x08007864   0x08007864   0x00000028   Code   RO         3905    i.uxListRemove      list.o
    0x0800788c   0x0800788c   0x0000001a   Code   RO         3906    i.vListInitialise   list.o
    0x080078a6   0x080078a6   0x00000006   Code   RO         3907    i.vListInitialiseItem  list.o
    0x080078ac   0x080078ac   0x00000034   Code   RO         3908    i.vListInsert       list.o
    0x080078e0   0x080078e0   0x00000024   Code   RO         4540    i.vPortEnterCritical  port.o
    0x08007904   0x08007904   0x00000020   Code   RO         4541    i.vPortExitCritical  port.o
    0x08007924   0x08007924   0x0000004c   Code   RO         4611    i.vPortFree         heap_4.o
    0x08007970   0x08007970   0x00000018   Code   RO         4542    i.vPortSetupTimerInterrupt  port.o
    0x08007988   0x08007988   0x00000034   Code   RO         4239    i.vTaskDelay        tasks.o
    0x080079bc   0x080079bc   0x0000006c   Code   RO         4251    i.vTaskStartScheduler  tasks.o
    0x08007a28   0x08007a28   0x00000010   Code   RO         4253    i.vTaskSuspendAll   tasks.o
    0x08007a38   0x08007a38   0x00000060   Code   RO         4254    i.vTaskSwitchContext  tasks.o
    0x08007a98   0x08007a98   0x00000034   Code   RO         4543    i.xPortStartScheduler  port.o
    0x08007acc   0x08007acc   0x00000034   Code   RO         4544    i.xPortSysTickHandler  port.o
    0x08007b00   0x08007b00   0x00000068   Code   RO         4257    i.xTaskCreate       tasks.o
    0x08007b68   0x08007b68   0x00000074   Code   RO         4258    i.xTaskDelayUntil   tasks.o
    0x08007bdc   0x08007bdc   0x0000014c   Code   RO         4259    i.xTaskGenericNotify  tasks.o
    0x08007d28   0x08007d28   0x00000020   Code   RO         4264    i.xTaskGetSchedulerState  tasks.o
    0x08007d48   0x08007d48   0x0000000c   Code   RO         4265    i.xTaskGetTickCount  tasks.o
    0x08007d54   0x08007d54   0x00000190   Code   RO         4267    i.xTaskIncrementTick  tasks.o
    0x08007ee4   0x08007ee4   0x0000015c   Code   RO         4269    i.xTaskResumeAll    tasks.o
    0x08008040   0x08008040   0x00000012   Data   RO         1272    .constdata          stm32f1xx_hal_rcc.o
    0x08008052   0x08008052   0x00000018   Data   RO         3772    .constdata          system_stm32f1xx.o
    0x0800806a   0x0800806a   0x00000073   Data   RO         5113    .constdata          vl53l1x_api.o
    0x080080dd   0x080080dd   0x00000003   PAD
    0x080080e0   0x080080e0   0x00000050   Data   RO         5567    .constdata          m_ws.l(asin.o)
    0x08008130   0x08008130   0x00000020   Data   RO         5984    Region$$Table       anon$$obj.o


    Execution Region RW_IRAM1 (Exec base: 0x20000000, Load base: 0x08008150, Size: 0x00004e20, Max: 0x00005000, ABSOLUTE, COMPRESSED[0x00000090])

    Exec Addr    Load Addr    Size         Type   Attr      Idx    E Section Name        Object

    0x20000000   COMPRESSED   0x00000009   Data   RW         1108    .data               stm32f1xx_hal.o
    0x20000009   COMPRESSED   0x00000003   PAD
    0x2000000c   COMPRESSED   0x00000004   Data   RW         3773    .data               system_stm32f1xx.o
    0x20000010   COMPRESSED   0x00000040   Data   RW         4272    .data               tasks.o
    0x20000050   COMPRESSED   0x00000004   Data   RW         4545    .data               port.o
    0x20000054   COMPRESSED   0x0000001c   Data   RW         4617    .data               heap_4.o
    0x20000070   COMPRESSED   0x0000001c   Data   RW         4677    .data               fligh_task.o
    0x2000008c   COMPRESSED   0x00000030   Data   RW         4759    .data               int_led.o
    0x200000bc   COMPRESSED   0x00000030   Data   RW         4800    .data               int_motor.o
    0x200000ec   COMPRESSED   0x00000005   Data   RW         4845    .data               int_si24r1.o
    0x200000f1   COMPRESSED   0x00000007   Data   RW         4930    .data               int_mpu6050.o
    0x200000f8   COMPRESSED   0x00000002   Data   RW         5358    .data               int_vl53l1x.o
    0x200000fa   COMPRESSED   0x00000002   PAD
    0x200000fc   COMPRESSED   0x00000048   Data   RW         5391    .data               com_filter.o
    0x20000144   COMPRESSED   0x00000028   Data   RW         5417    .data               com_imu.o
    0x2000016c   COMPRESSED   0x00000010   Data   RW         5470    .data               app_remote_data.o
    0x2000017c   COMPRESSED   0x0000010c   Data   RW         5522    .data               app_motor.o
    0x20000288   COMPRESSED   0x00000004   Data   RW         5951    .data               mc_w.l(stdout.o)
    0x2000028c   COMPRESSED   0x00000004   Data   RW         5963    .data               mc_w.l(errno.o)
    0x20000290        -       0x000000a8   Zero   RW          283    .bss                i2c.o
    0x20000338        -       0x00000058   Zero   RW          330    .bss                spi.o
    0x20000390        -       0x00000120   Zero   RW          376    .bss                tim.o
    0x200004b0        -       0x00000048   Zero   RW          439    .bss                usart.o
    0x200004f8        -       0x000000c8   Zero   RW         4271    .bss                tasks.o
    0x200005c0        -       0x00004400   Zero   RW         4616    .bss                heap_4.o
    0x200049c0        -       0x00000022   Zero   RW         4676    .bss                fligh_task.o
    0x200049e2   COMPRESSED   0x00000002   PAD
    0x200049e4        -       0x00000018   Zero   RW         4929    .bss                int_mpu6050.o
    0x200049fc        -       0x0000000c   Zero   RW         5416    .bss                com_imu.o
    0x20004a08        -       0x00000011   Zero   RW         5469    .bss                app_remote_data.o
    0x20004a19   COMPRESSED   0x00000007   PAD
    0x20004a20        -       0x00000400   Zero   RW            1    STACK               startup_stm32f103xb.o


==============================================================================

Image component sizes


      Code (inc. data)   RO Data    RW Data    ZI Data      Debug   Object Name

      4208        226          0        268          0       4993   app_motor.o
       686         86          0         16         17       4453   app_remote_data.o
       170          8          0         72          0       2235   com_filter.o
      2000         54          0         40         12       3317   com_imu.o
       136          0          0          0          0       1545   com_pid.o
         0          0          0          0          0       2528   event_groups.o
       648        172          0         28         34       3416   fligh_task.o
       200         14          0          0          0        935   gpio.o
       520         58          0         28      17408       4699   heap_4.o
       328         42          0          0        168       2222   i2c.o
       104         10          0          0          0        979   int_ip5305t.o
        50          0          0         48          0       2605   int_led.o
       116         16          0         48          0       2089   int_motor.o
       822         32          0          7         24       6098   int_mpu6050.o
       706         88          0          5          0       6416   int_si24r1.o
       372         98          0          2          0       1819   int_vl53l1x.o
       124          0          0          0          0       2657   list.o
       184         18          0          0          0     462216   main.o
       404         48          0          4          0       9436   port.o
       200         20          0          0         88       1645   spi.o
        36          8        236          0       1024        804   startup_stm32f103xb.o
       192         36          0          9          0       5905   stm32f1xx_hal.o
       272         22          0          0          0      28762   stm32f1xx_hal_cortex.o
       832         34          0          0          0       3297   stm32f1xx_hal_gpio.o
      3124         50          0          0          0      11622   stm32f1xx_hal_i2c.o
        84          8          0          0          0        898   stm32f1xx_hal_msp.o
      1748         98         18          0          0       5984   stm32f1xx_hal_rcc.o
      1058          6          0          0          0       4449   stm32f1xx_hal_spi.o
      1606         46          0          0          0      11966   stm32f1xx_hal_tim.o
       248         14          0          0          0       2132   stm32f1xx_hal_tim_ex.o
       808          4          0          0          0       4392   stm32f1xx_hal_uart.o
        42          0          0          0          0       3103   stm32f1xx_it.o
         2          0         24          4          0       1127   system_stm32f1xx.o
      2576        316          0         64        200      29781   tasks.o
      1156         78          0          0        288       4839   tim.o
       216         28          0          0         72       2242   usart.o
       244         22          0          0          0       4081   vl53l1_platform.o
      1322         10        115          0          0       9514   vl53l1x_api.o

    ----------------------------------------------------------------------
     27580       1770        428        648      19344     661201   Object Totals
         0          0         32          0          0          0   (incl. Generated)
        36          0          3          5          9          0   (incl. Padding)

    ----------------------------------------------------------------------

      Code (inc. data)   RO Data    RW Data    ZI Data      Debug   Library Member Name

       624         52         80          0          0        168   asin.o
       676         78          0          0          0        116   atan2f.o
        34          6          0          0          0        204   dunder.o
        40          0          0          0          0         68   fpclassify.o
        38          0          0          0          0         68   fpclassifyf.o
        14          0          0          0          0        136   funder.o
       170          0          0          0          0         96   poly.o
        76          0          0          0          0         84   sqrt.o
        86          0          0          0          0          0   __dczerorl2.o
         0          0          0          0          0          0   entry.o
         0          0          0          0          0          0   entry10a.o
         0          0          0          0          0          0   entry11a.o
         4          0          0          0          0          0   entry12b.o
         8          4          0          0          0          0   entry2.o
         4          0          0          0          0          0   entry5.o
         0          0          0          0          0          0   entry7b.o
         0          0          0          0          0          0   entry8b.o
         8          4          0          0          0          0   entry9a.o
        12          6          0          4          0         68   errno.o
        30          0          0          0          0          0   handlers.o
        36          8          0          0          0         68   init.o
         0          0          0          0          0          0   iusefp.o
        30          0          0          0          0         68   llshl.o
        36          0          0          0          0         68   llsshr.o
        32          0          0          0          0         68   llushr.o
        36          0          0          0          0        108   memseta.o
       736         54          0          0          0        184   printf5.o
         0          0          0          4          0          0   stdout.o
        98          0          0          0          0         92   uldiv.o
        48          0          0          0          0         68   cdcmple.o
        20          0          0          0          0         68   cfcmple.o
        20          0          0          0          0         68   cfrcmple.o
        56          0          0          0          0         88   d2f.o
       334          0          0          0          0        148   dadd.o
       222          0          0          0          0        100   ddiv.o
       186          0          0          0          0        176   depilogue.o
        62          0          0          0          0         80   dfixi.o
        50          0          0          0          0         76   dfixui.o
        34          0          0          0          0         76   dflti.o
        26          0          0          0          0         76   dfltui.o
       228          0          0          0          0         96   dmul.o
        46          0          0          0          0         80   dscalb.o
       162          0          0          0          0        100   dsqrt.o
        38          0          0          0          0         68   f2d.o
       176          0          0          0          0        140   fadd.o
       124          0          0          0          0         88   fdiv.o
       110          0          0          0          0        168   fepilogue.o
        50          0          0          0          0         68   ffixi.o
        40          0          0          0          0         68   ffixui.o
        18          0          0          0          0         68   fflti.o
        10          0          0          0          0         68   ffltui.o
       100          0          0          0          0         76   fmul.o
        24          0          0          0          0         68   fscalb.o

    ----------------------------------------------------------------------
      5016        212         80          8          0       3844   Library Totals
         4          0          0          0          0          0   (incl. Padding)

    ----------------------------------------------------------------------

      Code (inc. data)   RO Data    RW Data    ZI Data      Debug   Library Name

      1672        136         80          0          0        940   m_ws.l
      1156         76          0          8          0        724   mc_w.l
      2184          0          0          0          0       2180   mf_w.l

    ----------------------------------------------------------------------
      5016        212         80          8          0       3844   Library Totals

    ----------------------------------------------------------------------

==============================================================================


      Code (inc. data)   RO Data    RW Data    ZI Data      Debug   

     32596       1982        508        656      19344     653629   Grand Totals
     32596       1982        508        144      19344     653629   ELF Image Totals (compressed)
     32596       1982        508        144          0          0   ROM Totals

==============================================================================

    Total RO  Size (Code + RO Data)                33104 (  32.33kB)
    Total RW  Size (RW Data + ZI Data)             20000 (  19.53kB)
    Total ROM Size (Code + RO Data + RW Data)      33248 (  32.47kB)

==============================================================================

