<html>
<body>
<pre>
<h1>�Vision Build Log</h1>
<h2>Tool Versions:</h2>
IDE-Version: ��Vision V5.38.0.0
Copyright (C) 2022 ARM Ltd and ARM Germany GmbH. All rights reserved.
License Information: a a, a, LIC=14HV2-92IIE-VELHA-1F805-3VTYE-5C1H4
 
Tool Versions:
Toolchain:       MDK-ARM Plus  Version: 5.38.0.0
Toolchain Path:  C:\Keil_v5\ARM\ARMCC\Bin
C Compiler:      Armcc.exe V5.06 update 7 (build 960)
Assembler:       Armasm.exe V5.06 update 7 (build 960)
Linker/Locator:  ArmLink.exe V5.06 update 7 (build 960)
Library Manager: ArmAr.exe V5.06 update 7 (build 960)
Hex Converter:   FromElf.exe V5.06 update 7 (build 960)
CPU DLL:         SARMCM3.DLL V5.38.0.0
Dialog DLL:      DCM.DLL V1.17.5.0
Target DLL:      STLink\ST-LINKIII-KEIL_SWO.dll V3.1.0.0
Dialog DLL:      TCM.DLL V1.56.4.0
 
<h2>Project:</h2>
c:\Users\99339\Desktop\1104_drone\03_code\day09\flight\MDK-ARM\flight.uvprojx
Project File Date:  03/26/2025

<h2>Output:</h2>
*** Using Compiler 'V5.06 update 7 (build 960)', folder: 'C:\Keil_v5\ARM\ARMCC\Bin'
Build target 'flight'
assembling startup_stm32f103xb.s...
compiling stm32f1xx_hal_msp.c...
compiling stm32f1xx_hal_gpio.c...
compiling tim.c...
compiling spi.c...
compiling stm32f1xx_hal.c...
compiling main.c...
../Interface/Inc/Int_IP5305T.h(12): warning:  #1-D: last line of file ends without a newline
  #endif /* __INT_IP5305T_H__ */
../Common/Inc/Com_types.h(103): warning:  #1-D: last line of file ends without a newline
  #endif /* __COM_TYPES_H__ */
../Interface/Inc/Int_LED.h(26): warning:  #1-D: last line of file ends without a newline
  #endif /* __INT_LED_H__ */
../Interface/Inc/Int_Motor.h(26): warning:  #1-D: last line of file ends without a newline
  #endif /* __INT_MOTOR_H__ */
../Common/Inc/Com_IMU.h(25): warning:  #1-D: last line of file ends without a newline
  #endif
../App/Inc/app_remote_data.h(24): warning:  #1-D: last line of file ends without a newline
  #endif /* __APP_REMOTE_DATA_H__ */
../Interface/Inc/Int_MPU6050.h(93): warning:  #1-D: last line of file ends without a newline
  #endif /* __INT_MPU6050_H__ */
../Common/Inc/Com_Filter.h(21): warning:  #1-D: last line of file ends without a newline
  #endif
../Common/Inc/Com_PID.h(9): warning:  #1-D: last line of file ends without a newline
  #endif /* __COM_PID_H__ */
../Interface/Inc/Int_VL53L1X.h(9): warning:  #1-D: last line of file ends without a newline
  #endif /* __INT_VL53L1X_H__ */
../Tasks/fligh_task.h(21): warning:  #1-D: last line of file ends without a newline
  #endif /* __FLIGH_TASK_H__ */
../Core/Src/main.c: 11 warnings, 0 errors
compiling stm32f1xx_hal_dma.c...
compiling stm32f1xx_hal_rcc_ex.c...
compiling gpio.c...
compiling i2c.c...
compiling stm32f1xx_hal_gpio_ex.c...
compiling usart.c...
compiling croutine.c...
compiling stm32f1xx_hal_i2c.c...
compiling list.c...
compiling event_groups.c...
compiling stm32f1xx_it.c...
compiling queue.c...
compiling stm32f1xx_hal_rcc.c...
compiling timers.c...
compiling stream_buffer.c...
compiling heap_4.c...
compiling tasks.c...
compiling port.c...
compiling stm32f1xx_hal_cortex.c...
compiling stm32f1xx_hal_flash_ex.c...
compiling stm32f1xx_hal_exti.c...
compiling stm32f1xx_hal_flash.c...
compiling stm32f1xx_hal_pwr.c...
compiling system_stm32f1xx.c...
compiling VL53L1X_api.c...
compiling VL53L1X_calibration.c...
compiling Com_temp.c...
compiling Com_Filter.c...
../Common/Inc/Com_Filter.h(21): warning:  #1-D: last line of file ends without a newline
  #endif
..\Common\Src\Com_Filter.c(32): warning:  #1-D: last line of file ends without a newline
  }
..\Common\Src\Com_Filter.c: 2 warnings, 0 errors
compiling Com_IMU.c...
../Common/Inc/Com_Types.h(103): warning:  #1-D: last line of file ends without a newline
  #endif /* __COM_TYPES_H__ */
../Common/Inc/Com_IMU.h(25): warning:  #1-D: last line of file ends without a newline
  #endif
..\Common\Src\Com_IMU.c(142): warning:  #1-D: last line of file ends without a newline
  /* ========================结束===================================== */
..\Common\Src\Com_IMU.c: 3 warnings, 0 errors
compiling stm32f1xx_hal_spi.c...
compiling Com_PID.c...
../Common/Inc/Com_Types.h(103): warning:  #1-D: last line of file ends without a newline
  #endif /* __COM_TYPES_H__ */
../Common/Inc/Com_PID.h(9): warning:  #1-D: last line of file ends without a newline
  #endif /* __COM_PID_H__ */
..\Common\Src\Com_PID.c(24): warning:  #1-D: last line of file ends without a newline
  }
..\Common\Src\Com_PID.c: 3 warnings, 0 errors
compiling stm32f1xx_hal_uart.c...
compiling Int_LED.c...
../Interface/Inc/Int_LED.h(26): warning:  #1-D: last line of file ends without a newline
  #endif /* __INT_LED_H__ */
..\Interface\Src\Int_LED.c(19): warning:  #1-D: last line of file ends without a newline
  }
..\Interface\Src\Int_LED.c: 2 warnings, 0 errors
compiling stm32f1xx_hal_tim.c...
compiling Int_Motor.c...
../Interface/Inc/Int_Motor.h(26): warning:  #1-D: last line of file ends without a newline
  #endif /* __INT_MOTOR_H__ */
..\Interface\Src\Int_Motor.c(17): warning:  #1-D: last line of file ends without a newline
  }
..\Interface\Src\Int_Motor.c: 2 warnings, 0 errors
compiling stm32f1xx_hal_tim_ex.c...
compiling Int_SI24R1.c...
..\Interface\Src\Int_SI24R1.c(212): warning:  #223-D: function "printf" declared implicitly
  			printf("SI24R1自检成功\r\n");
..\Interface\Src\Int_SI24R1.c(217): warning:  #223-D: function "printf" declared implicitly
  			printf("自检失败\r\n");
..\Interface\Src\Int_SI24R1.c: 2 warnings, 0 errors
compiling Int_IP5305T.c...
../Interface/Inc/Int_IP5305T.h(12): warning:  #1-D: last line of file ends without a newline
  #endif /* __INT_IP5305T_H__ */
..\Interface\Src\Int_IP5305T.c(22): warning:  #1-D: last line of file ends without a newline
  }
..\Interface\Src\Int_IP5305T.c: 2 warnings, 0 errors
compiling fligh_task.c...
../Interface/Inc/Int_IP5305T.h(12): warning:  #1-D: last line of file ends without a newline
  #endif /* __INT_IP5305T_H__ */
../Common/Inc/Com_types.h(103): warning:  #1-D: last line of file ends without a newline
  #endif /* __COM_TYPES_H__ */
../Interface/Inc/Int_LED.h(26): warning:  #1-D: last line of file ends without a newline
  #endif /* __INT_LED_H__ */
../Interface/Inc/Int_Motor.h(26): warning:  #1-D: last line of file ends without a newline
  #endif /* __INT_MOTOR_H__ */
../Common/Inc/Com_IMU.h(25): warning:  #1-D: last line of file ends without a newline
  #endif
../App/Inc/app_remote_data.h(24): warning:  #1-D: last line of file ends without a newline
  #endif /* __APP_REMOTE_DATA_H__ */
../Interface/Inc/Int_MPU6050.h(93): warning:  #1-D: last line of file ends without a newline
  #endif /* __INT_MPU6050_H__ */
../Common/Inc/Com_Filter.h(21): warning:  #1-D: last line of file ends without a newline
  #endif
../Common/Inc/Com_PID.h(9): warning:  #1-D: last line of file ends without a newline
  #endif /* __COM_PID_H__ */
../Interface/Inc/Int_VL53L1X.h(9): warning:  #1-D: last line of file ends without a newline
  #endif /* __INT_VL53L1X_H__ */
..\Tasks\fligh_task.h(21): warning:  #1-D: last line of file ends without a newline
  #endif /* __FLIGH_TASK_H__ */
..\Tasks\fligh_task.c(180): warning:  #1-D: last line of file ends without a newline
  }
..\Tasks\fligh_task.c: 12 warnings, 0 errors
compiling Int_MPU6050.c...
../Common/Inc/Com_Types.h(103): warning:  #1-D: last line of file ends without a newline
  #endif /* __COM_TYPES_H__ */
../Interface/Inc/Int_MPU6050.h(93): warning:  #1-D: last line of file ends without a newline
  #endif /* __INT_MPU6050_H__ */
..\Interface\Src\Int_MPU6050.c(134): warning:  #1-D: last line of file ends without a newline
  }
..\Interface\Src\Int_MPU6050.c: 3 warnings, 0 errors
compiling vl53l1_platform.c...
compiling Int_VL53L1X.c...
../Interface/Inc/Int_VL53L1X.h(9): warning:  #1-D: last line of file ends without a newline
  #endif /* __INT_VL53L1X_H__ */
..\Interface\Src\Int_VL53L1X.c(7): warning:  #550-D: variable "status"  was set but never used
      int8_t status = 0;
..\Interface\Src\Int_VL53L1X.c(44): warning:  #550-D: variable "status"  was set but never used
      int8_t status = 0;
..\Interface\Src\Int_VL53L1X.c: 3 warnings, 0 errors
compiling app_motor.c...
../Common/Inc/Com_Types.h(103): warning:  #1-D: last line of file ends without a newline
  #endif /* __COM_TYPES_H__ */
../Interface/Inc/Int_Motor.h(26): warning:  #1-D: last line of file ends without a newline
  #endif /* __INT_MOTOR_H__ */
../Interface/Inc/Int_MPU6050.h(93): warning:  #1-D: last line of file ends without a newline
  #endif /* __INT_MPU6050_H__ */
../Common/Inc/Com_Filter.h(21): warning:  #1-D: last line of file ends without a newline
  #endif
../Common/Inc/Com_IMU.h(25): warning:  #1-D: last line of file ends without a newline
  #endif
../Common/Inc/Com_PID.h(9): warning:  #1-D: last line of file ends without a newline
  #endif /* __COM_PID_H__ */
..\App\Src\app_motor.c(137): warning:  #1-D: last line of file ends without a newline
  }
..\App\Src\app_motor.c: 7 warnings, 0 errors
compiling app_remote_data.c...
../Common/Inc/Com_Types.h(103): warning:  #1-D: last line of file ends without a newline
  #endif /* __COM_TYPES_H__ */
../Common/Inc/Com_IMU.h(25): warning:  #1-D: last line of file ends without a newline
  #endif
../App/Inc/app_remote_data.h(24): warning:  #1-D: last line of file ends without a newline
  #endif /* __APP_REMOTE_DATA_H__ */
..\App\Src\app_remote_data.c(13): warning:  #223-D: function "printf" declared implicitly
              printf("is mine\n");
..\App\Src\app_remote_data.c(142): warning:  #223-D: function "printf" declared implicitly
          printf("idle\n");
..\App\Src\app_remote_data.c(191): warning:  #1-D: last line of file ends without a newline
  }
..\App\Src\app_remote_data.c: 6 warnings, 0 errors
linking...
Program Size: Code=32596 RO-data=508 RW-data=656 ZI-data=19344  
FromELF: creating hex file...
"flight\flight.axf" - 0 Error(s), 58 Warning(s).

<h2>Software Packages used:</h2>

Package Vendor: ARM
                http://www.keil.com/pack/ARM.CMSIS.5.9.0.pack
                ARM.CMSIS.5.9.0
                CMSIS (Common Microcontroller Software Interface Standard)
   * Component: CORE Version: 5.6.0

Package Vendor: Keil
                https://www.keil.com/pack/Keil.STM32F1xx_DFP.2.4.1.pack
                Keil.STM32F1xx_DFP.2.4.1
                STMicroelectronics STM32F1 Series Device Support, Drivers and Examples

<h2>Collection of Component include folders:</h2>
  ./RTE/_flight
  C:/Users/99339/AppData/Local/Arm/Packs/ARM/CMSIS/5.9.0/CMSIS/Core/Include
  C:/Users/99339/AppData/Local/Arm/Packs/Keil/STM32F1xx_DFP/2.4.1/Device/Include

<h2>Collection of Component Files used:</h2>

   * Component: ARM::CMSIS:CORE:5.6.0
      Include file:  CMSIS/Core/Include/tz_context.h
Build Time Elapsed:  00:00:08
</pre>
</body>
</html>
