<html>
<body>
<pre>
<h1>�Vision Build Log</h1>
<h2>Tool Versions:</h2>
IDE-Version: ��Vision V5.38.0.0
Copyright (C) 2022 ARM Ltd and ARM Germany GmbH. All rights reserved.
License Information: a a, a, LIC=14HV2-92IIE-VELHA-1F805-3VTYE-5C1H4
 
Tool Versions:
Toolchain:       MDK-ARM Plus  Version: 5.38.0.0
Toolchain Path:  C:\Keil_v5\ARM\ARMCC\Bin
C Compiler:      Armcc.exe V5.06 update 7 (build 960)
Assembler:       Armasm.exe V5.06 update 7 (build 960)
Linker/Locator:  ArmLink.exe V5.06 update 7 (build 960)
Library Manager: ArmAr.exe V5.06 update 7 (build 960)
Hex Converter:   FromElf.exe V5.06 update 7 (build 960)
CPU DLL:         SARMCM3.DLL V5.38.0.0
Dialog DLL:      DCM.DLL V1.17.5.0
Target DLL:      STLink\ST-LINKIII-KEIL_SWO.dll V3.1.0.0
Dialog DLL:      TCM.DLL V1.56.4.0
 
<h2>Project:</h2>
c:\Users\99339\Desktop\1104_drone\03_code\day09\remote\MDK-ARM\remote.uvprojx
Project File Date:  03/26/2025

<h2>Output:</h2>
*** Using Compiler 'V5.06 update 7 (build 960)', folder: 'C:\Keil_v5\ARM\ARMCC\Bin'
Build target 'remote'
assembling startup_stm32f103xb.s...
compiling adc.c...
compiling stm32f1xx_it.c...
compiling stm32f1xx_hal.c...
compiling stm32f1xx_hal_adc.c...
compiling stm32f1xx_hal_gpio.c...
compiling stm32f1xx_hal_adc_ex.c...
compiling stm32f1xx_hal_msp.c...
compiling gpio.c...
compiling usart.c...
compiling dma.c...
compiling stm32f1xx_hal_gpio_ex.c...
compiling spi.c...
compiling croutine.c...
compiling stm32f1xx_hal_rcc.c...
compiling stm32f1xx_hal_rcc_ex.c...
compiling event_groups.c...
compiling list.c...
compiling main.c...
../Interface/Inc/Int_IP5305T.h(10): warning:  #1-D: last line of file ends without a newline
  #endif /* __INT_IP5305T_H__ */
../Common/Inc/com_types.h(42): warning:  #1-D: last line of file ends without a newline
  #endif /* __COM_TYPES_H__ */
../Interface/Inc/Int_Button.h(11): warning:  #1-D: last line of file ends without a newline
  #endif /* __INT_BUTTON_H__ */
../Interface/Inc/Int_Joystick.h(12): warning:  #1-D: last line of file ends without a newline
  #endif /* __INT_JOYSTICK_H__ */
../App/Inc/app_remote_data.h(19): warning:  #1-D: last line of file ends without a newline
  #endif /* __APP_REMOTE_DATA_H__ */
../Interface/Inc/Int_oled.h(54): warning:  #1-D: last line of file ends without a newline
  #endif
../Interface/Inc/Int_font.h(32): warning:  #1-D: last line of file ends without a newline
  #endif
../App/Inc/app_display.h(56): warning:  #1-D: last line of file ends without a newline
  #endif
../Tasks/remote_task.h(17): warning:  #1-D: last line of file ends without a newline
  #endif /* __FLIGH_TASK_H__ */
../Core/Src/main.c: 9 warnings, 0 errors
compiling queue.c...
compiling stream_buffer.c...
compiling tasks.c...
compiling timers.c...
compiling heap_4.c...
compiling port.c...
compiling stm32f1xx_hal_pwr.c...
compiling stm32f1xx_hal_cortex.c...
compiling stm32f1xx_hal_flash_ex.c...
compiling stm32f1xx_hal_flash.c...
compiling stm32f1xx_hal_tim.c...
compiling stm32f1xx_hal_dma.c...
compiling stm32f1xx_hal_tim_ex.c...
compiling system_stm32f1xx.c...
compiling stm32f1xx_hal_exti.c...
compiling com_temp.c...
compiling stm32f1xx_hal_spi.c...
compiling stm32f1xx_hal_uart.c...
compiling Int_SI24R1.c...
..\Interface\Src\Int_SI24R1.c(212): warning:  #223-D: function "printf" declared implicitly
  			printf("SI24R1自检成功\r\n");
..\Interface\Src\Int_SI24R1.c(217): warning:  #223-D: function "printf" declared implicitly
  			printf("自检失败\r\n");
..\Interface\Src\Int_SI24R1.c: 2 warnings, 0 errors
compiling Int_IP5305T.c...
../Interface/Inc/Int_IP5305T.h(10): warning:  #1-D: last line of file ends without a newline
  #endif /* __INT_IP5305T_H__ */
..\Interface\Src\Int_IP5305T.c(8): warning:  #1-D: last line of file ends without a newline
  }
..\Interface\Src\Int_IP5305T.c: 2 warnings, 0 errors
compiling Int_Joystick.c...
../Common/Inc/com_types.h(42): warning:  #1-D: last line of file ends without a newline
  #endif /* __COM_TYPES_H__ */
../Interface/Inc/Int_Joystick.h(12): warning:  #1-D: last line of file ends without a newline
  #endif /* __INT_JOYSTICK_H__ */
..\Interface\Src\Int_Joystick.c(18): warning:  #1-D: last line of file ends without a newline
  }
..\Interface\Src\Int_Joystick.c: 3 warnings, 0 errors
compiling Int_Button.c...
../Common/Inc/com_types.h(42): warning:  #1-D: last line of file ends without a newline
  #endif /* __COM_TYPES_H__ */
../Interface/Inc/Int_Button.h(11): warning:  #1-D: last line of file ends without a newline
  #endif /* __INT_BUTTON_H__ */
..\Interface\Src\Int_Button.c(115): warning:  #1-D: last line of file ends without a newline
  }
..\Interface\Src\Int_Button.c: 3 warnings, 0 errors
compiling Int_font.c...
../Interface/Inc/Int_oled.h(54): warning:  #1-D: last line of file ends without a newline
  #endif
..\Interface\Src\Int_font.c(312): warning:  #1-D: last line of file ends without a newline
  };
..\Interface\Src\Int_font.c: 2 warnings, 0 errors
compiling app_display.c...
../Interface/Inc/Int_oled.h(54): warning:  #1-D: last line of file ends without a newline
  #endif
../Interface/Inc/Int_font.h(32): warning:  #1-D: last line of file ends without a newline
  #endif
../Common/Inc/com_types.h(42): warning:  #1-D: last line of file ends without a newline
  #endif /* __COM_TYPES_H__ */
../App/Inc/app_display.h(56): warning:  #1-D: last line of file ends without a newline
  #endif
..\App\Src\app_display.c(115): warning:  #1-D: last line of file ends without a newline
  }
..\App\Src\app_display.c: 5 warnings, 0 errors
compiling Int_oled.c...
../Interface/Inc/Int_oled.h(54): warning:  #1-D: last line of file ends without a newline
  #endif
../Interface/Inc/Int_font.h(32): warning:  #1-D: last line of file ends without a newline
  #endif
..\Interface\Src\Int_oled.c(383): warning:  #1-D: last line of file ends without a newline
  }
..\Interface\Src\Int_oled.c: 3 warnings, 0 errors
compiling remote_task.c...
../Interface/Inc/Int_IP5305T.h(10): warning:  #1-D: last line of file ends without a newline
  #endif /* __INT_IP5305T_H__ */
../Common/Inc/com_types.h(42): warning:  #1-D: last line of file ends without a newline
  #endif /* __COM_TYPES_H__ */
../Interface/Inc/Int_Button.h(11): warning:  #1-D: last line of file ends without a newline
  #endif /* __INT_BUTTON_H__ */
../Interface/Inc/Int_Joystick.h(12): warning:  #1-D: last line of file ends without a newline
  #endif /* __INT_JOYSTICK_H__ */
../App/Inc/app_remote_data.h(19): warning:  #1-D: last line of file ends without a newline
  #endif /* __APP_REMOTE_DATA_H__ */
../Interface/Inc/Int_oled.h(54): warning:  #1-D: last line of file ends without a newline
  #endif
../Interface/Inc/Int_font.h(32): warning:  #1-D: last line of file ends without a newline
  #endif
../App/Inc/app_display.h(56): warning:  #1-D: last line of file ends without a newline
  #endif
..\Tasks\remote_task.h(17): warning:  #1-D: last line of file ends without a newline
  #endif /* __FLIGH_TASK_H__ */
..\Tasks\remote_task.c(128): warning:  #1-D: last line of file ends without a newline
  }
..\Tasks\remote_task.c: 10 warnings, 0 errors
compiling app_remote_data.c...
../Common/Inc/com_types.h(42): warning:  #1-D: last line of file ends without a newline
  #endif /* __COM_TYPES_H__ */
../Interface/Inc/Int_Joystick.h(12): warning:  #1-D: last line of file ends without a newline
  #endif /* __INT_JOYSTICK_H__ */
../Interface/Inc/Int_Button.h(11): warning:  #1-D: last line of file ends without a newline
  #endif /* __INT_BUTTON_H__ */
../App/Inc/app_remote_data.h(19): warning:  #1-D: last line of file ends without a newline
  #endif /* __APP_REMOTE_DATA_H__ */
..\App\Src\app_remote_data.c(66): warning:  #223-D: function "printf" declared implicitly
          printf("KEY_LEFT_X_LONG pressed\n");
..\App\Src\app_remote_data.c(123): warning:  #940-D: missing return statement at end of non-void function "App_SendData" 
  }
..\App\Src\app_remote_data.c: 6 warnings, 0 errors
linking...
Program Size: Code=15580 RO-data=328 RW-data=160 ZI-data=19960  
FromELF: creating hex file...
"remote\remote.axf" - 0 Error(s), 45 Warning(s).

<h2>Software Packages used:</h2>

Package Vendor: ARM
                http://www.keil.com/pack/ARM.CMSIS.5.9.0.pack
                ARM.CMSIS.5.9.0
                CMSIS (Common Microcontroller Software Interface Standard)
   * Component: CORE Version: 5.6.0

Package Vendor: Keil
                https://www.keil.com/pack/Keil.STM32F1xx_DFP.2.4.1.pack
                Keil.STM32F1xx_DFP.2.4.1
                STMicroelectronics STM32F1 Series Device Support, Drivers and Examples

<h2>Collection of Component include folders:</h2>
  ./RTE/_remote
  C:/Users/99339/AppData/Local/Arm/Packs/ARM/CMSIS/5.9.0/CMSIS/Core/Include
  C:/Users/99339/AppData/Local/Arm/Packs/Keil/STM32F1xx_DFP/2.4.1/Device/Include

<h2>Collection of Component Files used:</h2>

   * Component: ARM::CMSIS:CORE:5.6.0
      Include file:  CMSIS/Core/Include/tz_context.h
Build Time Elapsed:  00:00:07
</pre>
</body>
</html>
